Archive member included to satisfy reference by file (symbol)

/home/a1009mys/Project/op-tee/op-tee-package/optee_os/out/arm/export-ta_arm64/lib/libutils.a(stack_check.o)
                              ./secure_storage_ta.o (__stack_chk_fail)
/home/a1009mys/Project/op-tee/op-tee-package/optee_os/out/arm/export-ta_arm64/lib/libutils.a(trace.o)
                              ./secure_storage_ta.o (trace_printf)
/home/a1009mys/Project/op-tee/op-tee-package/optee_os/out/arm/export-ta_arm64/lib/libutils.a(memcpy.o)
                              /home/a1009mys/Project/op-tee/op-tee-package/optee_os/out/arm/export-ta_arm64/lib/libutils.a(trace.o) (memcpy)
/home/a1009mys/Project/op-tee/op-tee-package/optee_os/out/arm/export-ta_arm64/lib/libutils.a(snprintk.o)
                              /home/a1009mys/Project/op-tee/op-tee-package/optee_os/out/arm/export-ta_arm64/lib/libutils.a(trace.o) (vsnprintk)
/home/a1009mys/Project/op-tee/op-tee-package/optee_os/out/arm/export-ta_arm64/lib/libutils.a(memchr.o)
                              /home/a1009mys/Project/op-tee/op-tee-package/optee_os/out/arm/export-ta_arm64/lib/libutils.a(snprintk.o) (memchr)
/home/a1009mys/Project/op-tee/op-tee-package/optee_os/out/arm/export-ta_arm64/lib/libutils.a(strlen.o)
                              /home/a1009mys/Project/op-tee/op-tee-package/optee_os/out/arm/export-ta_arm64/lib/libutils.a(snprintk.o) (strlen)
/home/a1009mys/Project/op-tee/op-tee-package/optee_os/out/arm/export-ta_arm64/lib/libutee.a(trace_ext.o)
                              /home/a1009mys/Project/op-tee/op-tee-package/optee_os/out/arm/export-ta_arm64/lib/libutils.a(trace.o) (trace_ext_puts)
/home/a1009mys/Project/op-tee/op-tee-package/optee_os/out/arm/export-ta_arm64/lib/libutee.a(tee_api.o)
                              ./secure_storage_ta.o (__GP11_TEE_MemMove)
/home/a1009mys/Project/op-tee/op-tee-package/optee_os/out/arm/export-ta_arm64/lib/libutee.a(tee_api_objects.o)
                              ./secure_storage_ta.o (__GP11_TEE_GetObjectInfo1)
/home/a1009mys/Project/op-tee/op-tee-package/optee_os/out/arm/export-ta_arm64/lib/libutee.a(tee_api_panic.o)
                              /home/a1009mys/Project/op-tee/op-tee-package/optee_os/out/arm/export-ta_arm64/lib/libutee.a(tee_api.o) (TEE_Panic)
/home/a1009mys/Project/op-tee/op-tee-package/optee_os/out/arm/export-ta_arm64/lib/libutee.a(tee_system_pta.o)
                              /home/a1009mys/Project/op-tee/op-tee-package/optee_os/out/arm/export-ta_arm64/lib/libutee.a(tee_api.o) (tee_map_zi)
/home/a1009mys/Project/op-tee/op-tee-package/optee_os/out/arm/export-ta_arm64/lib/libutee.a(user_ta_entry.o)
                              ./user_ta_header.o (__utee_entry)
/home/a1009mys/Project/op-tee/op-tee-package/optee_os/out/arm/export-ta_arm64/lib/libutee.a(user_ta_entry_compat.o)
                              ./user_ta_header.o (__ta_open_sess)
/home/a1009mys/Project/op-tee/op-tee-package/optee_os/out/arm/export-ta_arm64/lib/libutee.a(utee_syscalls_a64.o)
                              /home/a1009mys/Project/op-tee/op-tee-package/optee_os/out/arm/export-ta_arm64/lib/libutils.a(stack_check.o) (_utee_panic)
/home/a1009mys/Project/op-tee/op-tee-package/optee_os/out/arm/export-ta_arm64/lib/libutee.a(abort.o)
                              /home/a1009mys/Project/op-tee/op-tee-package/optee_os/out/arm/export-ta_arm64/lib/libutee.a(user_ta_entry.o) (abort)
/home/a1009mys/Project/op-tee/op-tee-package/optee_os/out/arm/export-ta_arm64/lib/libutee.a(tee_api_arith_mpi.o)
                              /home/a1009mys/Project/op-tee/op-tee-package/optee_os/out/arm/export-ta_arm64/lib/libutee.a(user_ta_entry.o) (_TEE_MathAPI_Init)
/home/a1009mys/Project/op-tee/op-tee-package/optee_os/out/arm/export-ta_arm64/lib/libutee.a(tee_api_property.o)
                              /home/a1009mys/Project/op-tee/op-tee-package/optee_os/out/arm/export-ta_arm64/lib/libutee.a(user_ta_entry.o) (TEE_GetPropertyAsU32)
/home/a1009mys/Project/op-tee/op-tee-package/optee_os/out/arm/export-ta_arm64/lib/libutee.a(tcb.o)
                              /home/a1009mys/Project/op-tee/op-tee-package/optee_os/out/arm/export-ta_arm64/lib/libutee.a(user_ta_entry.o) (__utee_tcb_init)
/home/a1009mys/Project/op-tee/op-tee-package/optee_os/out/arm/export-ta_arm64/lib/libutee.a(assert.o)
                              /home/a1009mys/Project/op-tee/op-tee-package/optee_os/out/arm/export-ta_arm64/lib/libutee.a(tcb.o) (_assert_log)
/home/a1009mys/Project/op-tee/op-tee-package/optee_os/out/arm/export-ta_arm64/lib/libmbedtls.a(bignum.o)
                              /home/a1009mys/Project/op-tee/op-tee-package/optee_os/out/arm/export-ta_arm64/lib/libutee.a(tee_api_arith_mpi.o) (mbedtls_mpi_init_mempool)
/home/a1009mys/Project/op-tee/op-tee-package/optee_os/out/arm/export-ta_arm64/lib/libmbedtls.a(bignum_core.o)
                              /home/a1009mys/Project/op-tee/op-tee-package/optee_os/out/arm/export-ta_arm64/lib/libmbedtls.a(bignum.o) (mbedtls_mpi_core_bitlen)
[...]
Memory Configuration

Name             Origin             Length             Attributes
*default*        0x0000000000000000 0xffffffffffffffff

Linker script and memory map


.text           0x0000000000000000     0xea1c
                0x0000000000000000                __text_start = .
 *(SORT_BY_ALIGNMENT(.text) SORT_BY_ALIGNMENT(.text.*))
 .text          0x0000000000000000       0xec /home/a1009mys/Project/op-tee/op-tee-package/optee_os/out/arm/export-ta_arm64/lib/libutils.a(memcpy.o)
                0x0000000000000000                memcpy
 .text          0x00000000000000ec      0x3d4 ./secure_storage_ta.o
                0x00000000000000ec                TA_CreateEntryPoint
                0x00000000000000f4                TA_DestroyEntryPoint
                0x00000000000000f8                __GP11_TA_OpenSessionEntryPoint
                0x0000000000000100                TA_CloseSessionEntryPoint
                0x0000000000000104                __GP11_TA_InvokeCommandEntryPoint
 .text          0x00000000000004c0       0x34 ./user_ta_header.o
                0x00000000000004c0                __ta_entry
                0x00000000000004d4                tahead_get_trace_level
                0x00000000000004dc                TA_OpenSessionEntryPoint
                0x00000000000004e8                TA_InvokeCommandEntryPoint
 .text          0x00000000000004f4       0x30 /home/a1009mys/Project/op-tee/op-tee-package/optee_os/out/arm/export-ta_arm64/lib/libutils.a(stack_check.o)
                0x00000000000004f4                __stack_chk_fail
 .text          0x0000000000000524      0x330 /home/a1009mys/Project/op-tee/op-tee-package/optee_os/out/arm/export-ta_arm64/lib/libutils.a(trace.o)
                0x0000000000000524                trace_set_level
                0x0000000000000540                trace_get_level
                0x0000000000000550                trace_vprintf
                0x000000000000076c                trace_printf
                0x0000000000000850                dhex_dump
 .text          0x0000000000000854      0xdfc /home/a1009mys/Project/op-tee/op-tee-package/optee_os/out/arm/export-ta_arm64/lib/libutils.a(snprintk.o)
                0x0000000000000854                __vsnprintf
                0x0000000000000918                vsnprintk
                0x0000000000000970                snprintk
                0x0000000000001604                __vsprintf
 .text          0x0000000000001650       0x2c /home/a1009mys/Project/op-tee/op-tee-package/optee_os/out/arm/export-ta_arm64/lib/libutils.a(memchr.o)
                0x0000000000001650                memchr
 .text          0x000000000000167c       0x1c /home/a1009mys/Project/op-tee/op-tee-package/optee_os/out/arm/export-ta_arm64/lib/libutils.a(strlen.o)
                0x000000000000167c                strlen
 .text          0x0000000000001698      0x1e0 /home/a1009mys/Project/op-tee/op-tee-package/optee_os/out/arm/export-ta_arm64/lib/libutee.a(trace_ext.o)
                0x0000000000001698                trace_ext_puts
                0x00000000000016c0                trace_ext_get_thread_id
                0x00000000000016c8                printf
                0x00000000000017c8                puts
                0x0000000000001808                putchar
 .text          0x0000000000001878     0x10dc /home/a1009mys/Project/op-tee/op-tee-package/optee_os/out/arm/export-ta_arm64/lib/libutee.a(tee_api.o)
                0x0000000000001c24                TEE_CloseTASession
                0x0000000000001c4c                TEE_GetCancellationFlag
                0x0000000000001cac                TEE_UnmaskCancellation
                0x0000000000001d0c                TEE_MaskCancellation
                0x0000000000001d6c                TEE_CheckMemoryAccessRights
                0x0000000000001f90                TEE_OpenTASession
                0x00000000000020e4                __GP11_TEE_OpenTASession
                0x000000000000222c                TEE_InvokeTACommand
                0x00000000000023b0                __GP11_TEE_InvokeTACommand
                0x0000000000002528                __GP11_TEE_CheckMemoryAccessRights
                0x0000000000002530                TEE_SetInstanceData
                0x000000000000253c                TEE_GetInstanceData
                0x0000000000002548                TEE_MemMove
                0x000000000000254c                __GP11_TEE_MemMove
                0x0000000000002554                TEE_MemCompare
                0x0000000000002558                __GP11_TEE_MemCompare
                0x0000000000002560                TEE_MemFill
                0x0000000000002564                __GP11_TEE_MemFill
                0x000000000000256c                TEE_GetSystemTime
                0x0000000000002594                TEE_Wait
                0x00000000000025d0                TEE_GetTAPersistentTime
                0x0000000000002648                TEE_SetTAPersistentTime
                0x000000000000268c                TEE_GetREETime
                0x00000000000026b4                TEE_Malloc
                0x00000000000027d8                __GP11_TEE_Malloc
                0x00000000000027e0                TEE_Free
                0x0000000000002840                TEE_Realloc
                0x0000000000002934                __GP11_TEE_Realloc
                0x000000000000293c                TEE_CacheClean
                0x0000000000002944                TEE_CacheFlush
                0x000000000000294c                TEE_CacheInvalidate
 .text          0x0000000000002954     0x1a44 /home/a1009mys/Project/op-tee/op-tee-package/optee_os/out/arm/export-ta_arm64/lib/libutee.a(tee_api_objects.o)
                0x0000000000002954                __utee_from_attr
                0x00000000000029a4                __utee_from_gp11_attr
                0x00000000000029f4                TEE_GetObjectInfo
                0x0000000000002ab0                __GP11_TEE_GetObjectInfo
                0x0000000000002b78                TEE_GetObjectInfo1
                0x0000000000002c28                __GP11_TEE_GetObjectInfo1
                0x0000000000002ce8                TEE_RestrictObjectUsage1
                0x0000000000002d2c                TEE_RestrictObjectUsage
                0x0000000000002dbc                TEE_GetObjectBufferAttribute
                0x0000000000002ec0                __GP11_TEE_GetObjectBufferAttribute
                0x0000000000002f5c                TEE_GetObjectValueAttribute
                0x0000000000003094                TEE_CloseObject
                0x00000000000030bc                __GP11_TEE_AllocateTransientObject
                0x0000000000003170                TEE_AllocateTransientObject
                0x000000000000318c                TEE_FreeTransientObject
                0x000000000000321c                TEE_ResetTransientObject
                0x00000000000032ac                TEE_PopulateTransientObject
                0x00000000000033bc                __GP11_TEE_PopulateTransientObject
                0x00000000000034cc                TEE_InitRefAttribute
                0x0000000000003518                __GP11_TEE_InitRefAttribute
                0x0000000000003568                TEE_InitValueAttribute
                0x00000000000035b4                __GP11_TEE_InitValueAttribute
                0x0000000000003600                TEE_CopyObjectAttributes1
                0x00000000000036f8                TEE_CopyObjectAttributes
                0x000000000000378c                TEE_GenerateKey
                0x0000000000003860                __GP11_TEE_GenerateKey
                0x0000000000003934                TEE_OpenPersistentObject
                0x0000000000003a18                __GP11_TEE_OpenPersistentObject
                0x0000000000003a20                TEE_CreatePersistentObject
                0x0000000000003b64                __GP11_TEE_CreatePersistentObject
                0x0000000000003be0                TEE_CloseAndDeletePersistentObject1
                0x0000000000003c28                TEE_CloseAndDeletePersistentObject
                0x0000000000003c54                TEE_RenamePersistentObject
                0x0000000000003cb0                __GP11_TEE_RenamePersistentObject
                0x0000000000003cb8                TEE_AllocatePersistentObjectEnumerator
                0x0000000000003d48                TEE_FreePersistentObjectEnumerator
                0x0000000000003d70                TEE_ResetPersistentObjectEnumerator
                0x0000000000003d98                TEE_StartPersistentObjectEnumerator
                0x0000000000003de8                TEE_GetNextPersistentObject
                0x0000000000003f04                __GP11_TEE_GetNextPersistentObject
                0x0000000000004030                TEE_ReadObjectData
                0x00000000000040f8                __GP11_TEE_ReadObjectData
                0x0000000000004194                TEE_WriteObjectData
                0x000000000000420c                __GP11_TEE_WriteObjectData
                0x0000000000004214                TEE_TruncateObjectData
                0x0000000000004270                __GP11_TEE_TruncateObjectData
                0x0000000000004278                TEE_SeekObjectData
                0x0000000000004390                __GP11_TEE_SeekObjectData
 .text          0x0000000000004398      0x1fc /home/a1009mys/Project/op-tee/op-tee-package/optee_os/out/arm/export-ta_arm64/lib/libutee.a(tee_api_panic.o)
                0x00000000000043b4                TEE_Panic
                0x00000000000043cc                __utee_check_outbuf_annotation
                0x0000000000004418                __utee_check_gp11_outbuf_annotation
                0x0000000000004464                __utee_check_instring_annotation
                0x0000000000004494                __utee_check_outstring_annotation
                0x00000000000044e0                __utee_check_gp11_outstring_annotation
                0x000000000000452c                __utee_check_out_annotation
                0x000000000000454c                __utee_check_attr_in_annotation
                0x0000000000004570                __utee_check_gp11_attr_in_annotation
                0x0000000000004574                __utee_check_inout_annotation
 .text          0x0000000000004594      0x2bc /home/a1009mys/Project/op-tee/op-tee-package/optee_os/out/arm/export-ta_arm64/lib/libutee.a(tee_system_pta.o)
                0x0000000000004618                tee_map_zi
                0x00000000000046ac                tee_unmap
                0x0000000000004768                tee_invoke_supp_plugin
 .text          0x0000000000004850      0x740 /home/a1009mys/Project/op-tee/op-tee-package/optee_os/out/arm/export-ta_arm64/lib/libutee.a(user_ta_entry.o)
                0x0000000000004b18                __utee_call_elf_init_fn
                0x0000000000004c64                __utee_call_elf_fini_fn
                0x0000000000004d08                __utee_entry
 .text          0x0000000000004f90      0x214 /home/a1009mys/Project/op-tee/op-tee-package/optee_os/out/arm/export-ta_arm64/lib/libutee.a(user_ta_entry_compat.o)
                0x0000000000005058                __ta_open_sess
                0x00000000000050f4                __ta_invoke_cmd
 .text._utee_panic
                0x00000000000051a4        0xc /home/a1009mys/Project/op-tee/op-tee-package/optee_os/out/arm/export-ta_arm64/lib/libutee.a(utee_syscalls_a64.o)
                0x00000000000051a4                _utee_panic
 .text._utee_return
                0x00000000000051b0        0xc /home/a1009mys/Project/op-tee/op-tee-package/optee_os/out/arm/export-ta_arm64/lib/libutee.a(utee_syscalls_a64.o)
                0x00000000000051b0                _utee_return
 .text._utee_log
                0x00000000000051bc        0xc /home/a1009mys/Project/op-tee/op-tee-package/optee_os/out/arm/export-ta_arm64/lib/libutee.a(utee_syscalls_a64.o)
                0x00000000000051bc                _utee_log
 .text.__utee_panic
                0x00000000000051c8        0xc /home/a1009mys/Project/op-tee/op-tee-package/optee_os/out/arm/export-ta_arm64/lib/libutee.a(utee_syscalls_a64.o)
                0x00000000000051c8                __utee_panic
 .text._utee_get_property
                0x00000000000051d4        0xc /home/a1009mys/Project/op-tee/op-tee-package/optee_os/out/arm/export-ta_arm64/lib/libutee.a(utee_syscalls_a64.o)
                0x00000000000051d4                _utee_get_property
 .text._utee_get_property_name_to_index
                0x00000000000051e0        0xc /home/a1009mys/Project/op-tee/op-tee-package/optee_os/out/arm/export-ta_arm64/lib/libutee.a(utee_syscalls_a64.o)
                0x00000000000051e0                _utee_get_property_name_to_index
 .text._utee_open_ta_session
                0x00000000000051ec        0xc /home/a1009mys/Project/op-tee/op-tee-package/optee_os/out/arm/export-ta_arm64/lib/libutee.a(utee_syscalls_a64.o)
                0x00000000000051ec                _utee_open_ta_session
 .text._utee_close_ta_session
                0x00000000000051f8        0xc /home/a1009mys/Project/op-tee/op-tee-package/optee_os/out/arm/export-ta_arm64/lib/libutee.a(utee_syscalls_a64.o)
                0x00000000000051f8                _utee_close_ta_session
 .text._utee_invoke_ta_command
                0x0000000000005204        0xc /home/a1009mys/Project/op-tee/op-tee-package/optee_os/out/arm/export-ta_arm64/lib/libutee.a(utee_syscalls_a64.o)
                0x0000000000005204                _utee_invoke_ta_command
 .text._utee_get_cancellation_flag
                0x0000000000005210        0xc /home/a1009mys/Project/op-tee/op-tee-package/optee_os/out/arm/export-ta_arm64/lib/libutee.a(utee_syscalls_a64.o)
                0x0000000000005210                _utee_get_cancellation_flag
 .text._utee_check_access_rights
                0x000000000000521c        0xc /home/a1009mys/Project/op-tee/op-tee-package/optee_os/out/arm/export-ta_arm64/lib/libutee.a(utee_syscalls_a64.o)
                0x000000000000521c                _utee_check_access_rights
 .text._utee_unmask_cancellation
                0x0000000000005228        0xc /home/a1009mys/Project/op-tee/op-tee-package/optee_os/out/arm/export-ta_arm64/lib/libutee.a(utee_syscalls_a64.o)
                0x0000000000005228                _utee_unmask_cancellation
 .text._utee_mask_cancellation
                0x0000000000005234        0xc /home/a1009mys/Project/op-tee/op-tee-package/optee_os/out/arm/export-ta_arm64/lib/libutee.a(utee_syscalls_a64.o)
                0x0000000000005234                _utee_mask_cancellation
 .text._utee_wait
                0x0000000000005240        0xc /home/a1009mys/Project/op-tee/op-tee-package/optee_os/out/arm/export-ta_arm64/lib/libutee.a(utee_syscalls_a64.o)
                0x0000000000005240                _utee_wait
 .text._utee_get_time
                0x000000000000524c        0xc /home/a1009mys/Project/op-tee/op-tee-package/optee_os/out/arm/export-ta_arm64/lib/libutee.a(utee_syscalls_a64.o)
                0x000000000000524c                _utee_get_time
 .text._utee_set_ta_time
                0x0000000000005258        0xc /home/a1009mys/Project/op-tee/op-tee-package/optee_os/out/arm/export-ta_arm64/lib/libutee.a(utee_syscalls_a64.o)
                0x0000000000005258                _utee_set_ta_time
 .text._utee_cryp_state_alloc
                0x0000000000005264        0xc /home/a1009mys/Project/op-tee/op-tee-package/optee_os/out/arm/export-ta_arm64/lib/libutee.a(utee_syscalls_a64.o)
                0x0000000000005264                _utee_cryp_state_alloc
 .text._utee_cryp_state_copy
                0x0000000000005270        0xc /home/a1009mys/Project/op-tee/op-tee-package/optee_os/out/arm/export-ta_arm64/lib/libutee.a(utee_syscalls_a64.o)
                0x0000000000005270                _utee_cryp_state_copy
 .text._utee_cryp_state_free
                0x000000000000527c        0xc /home/a1009mys/Project/op-tee/op-tee-package/optee_os/out/arm/export-ta_arm64/lib/libutee.a(utee_syscalls_a64.o)
                0x000000000000527c                _utee_cryp_state_free
 .text._utee_hash_init
                0x0000000000005288        0xc /home/a1009mys/Project/op-tee/op-tee-package/optee_os/out/arm/export-ta_arm64/lib/libutee.a(utee_syscalls_a64.o)
                0x0000000000005288                _utee_hash_init
 .text._utee_hash_update
                0x0000000000005294        0xc /home/a1009mys/Project/op-tee/op-tee-package/optee_os/out/arm/export-ta_arm64/lib/libutee.a(utee_syscalls_a64.o)
                0x0000000000005294                _utee_hash_update
 .text._utee_hash_final
                0x00000000000052a0        0xc /home/a1009mys/Project/op-tee/op-tee-package/optee_os/out/arm/export-ta_arm64/lib/libutee.a(utee_syscalls_a64.o)
                0x00000000000052a0                _utee_hash_final
 .text._utee_cipher_init
                0x00000000000052ac        0xc /home/a1009mys/Project/op-tee/op-tee-package/optee_os/out/arm/export-ta_arm64/lib/libutee.a(utee_syscalls_a64.o)
                0x00000000000052ac                _utee_cipher_init
 .text._utee_cipher_update
                0x00000000000052b8        0xc /home/a1009mys/Project/op-tee/op-tee-package/optee_os/out/arm/export-ta_arm64/lib/libutee.a(utee_syscalls_a64.o)
                0x00000000000052b8                _utee_cipher_update
 .text._utee_cipher_final
                0x00000000000052c4        0xc /home/a1009mys/Project/op-tee/op-tee-package/optee_os/out/arm/export-ta_arm64/lib/libutee.a(utee_syscalls_a64.o)
                0x00000000000052c4                _utee_cipher_final
 .text._utee_cryp_obj_get_info
                0x00000000000052d0        0xc /home/a1009mys/Project/op-tee/op-tee-package/optee_os/out/arm/export-ta_arm64/lib/libutee.a(utee_syscalls_a64.o)
                0x00000000000052d0                _utee_cryp_obj_get_info
 .text._utee_cryp_obj_restrict_usage
                0x00000000000052dc        0xc /home/a1009mys/Project/op-tee/op-tee-package/optee_os/out/arm/export-ta_arm64/lib/libutee.a(utee_syscalls_a64.o)
                0x00000000000052dc                _utee_cryp_obj_restrict_usage
 .text._utee_cryp_obj_get_attr
                0x00000000000052e8        0xc /home/a1009mys/Project/op-tee/op-tee-package/optee_os/out/arm/export-ta_arm64/lib/libutee.a(utee_syscalls_a64.o)
                0x00000000000052e8                _utee_cryp_obj_get_attr
 .text._utee_cryp_obj_alloc
                0x00000000000052f4        0xc /home/a1009mys/Project/op-tee/op-tee-package/optee_os/out/arm/export-ta_arm64/lib/libutee.a(utee_syscalls_a64.o)
                0x00000000000052f4                _utee_cryp_obj_alloc
 .text._utee_cryp_obj_close
                0x0000000000005300        0xc /home/a1009mys/Project/op-tee/op-tee-package/optee_os/out/arm/export-ta_arm64/lib/libutee.a(utee_syscalls_a64.o)
                0x0000000000005300                _utee_cryp_obj_close
 .text._utee_cryp_obj_reset
                0x000000000000530c        0xc /home/a1009mys/Project/op-tee/op-tee-package/optee_os/out/arm/export-ta_arm64/lib/libutee.a(utee_syscalls_a64.o)
                0x000000000000530c                _utee_cryp_obj_reset
 .text._utee_cryp_obj_populate
                0x0000000000005318        0xc /home/a1009mys/Project/op-tee/op-tee-package/optee_os/out/arm/export-ta_arm64/lib/libutee.a(utee_syscalls_a64.o)
                0x0000000000005318                _utee_cryp_obj_populate
 .text._utee_cryp_obj_copy
                0x0000000000005324        0xc /home/a1009mys/Project/op-tee/op-tee-package/optee_os/out/arm/export-ta_arm64/lib/libutee.a(utee_syscalls_a64.o)
                0x0000000000005324                _utee_cryp_obj_copy
 .text._utee_cryp_derive_key
                0x0000000000005330        0xc /home/a1009mys/Project/op-tee/op-tee-package/optee_os/out/arm/export-ta_arm64/lib/libutee.a(utee_syscalls_a64.o)
                0x0000000000005330                _utee_cryp_derive_key
 .text._utee_cryp_random_number_generate
                0x000000000000533c        0xc /home/a1009mys/Project/op-tee/op-tee-package/optee_os/out/arm/export-ta_arm64/lib/libutee.a(utee_syscalls_a64.o)
                0x000000000000533c                _utee_cryp_random_number_generate
 .text._utee_authenc_init
                0x0000000000005348        0xc /home/a1009mys/Project/op-tee/op-tee-package/optee_os/out/arm/export-ta_arm64/lib/libutee.a(utee_syscalls_a64.o)
                0x0000000000005348                _utee_authenc_init
 .text._utee_authenc_update_aad
                0x0000000000005354        0xc /home/a1009mys/Project/op-tee/op-tee-package/optee_os/out/arm/export-ta_arm64/lib/libutee.a(utee_syscalls_a64.o)
                0x0000000000005354                _utee_authenc_update_aad
 .text._utee_authenc_update_payload
                0x0000000000005360        0xc /home/a1009mys/Project/op-tee/op-tee-package/optee_os/out/arm/export-ta_arm64/lib/libutee.a(utee_syscalls_a64.o)
                0x0000000000005360                _utee_authenc_update_payload
 .text._utee_authenc_enc_final
                0x000000000000536c        0xc /home/a1009mys/Project/op-tee/op-tee-package/optee_os/out/arm/export-ta_arm64/lib/libutee.a(utee_syscalls_a64.o)
                0x000000000000536c                _utee_authenc_enc_final
 .text._utee_authenc_dec_final
                0x0000000000005378        0xc /home/a1009mys/Project/op-tee/op-tee-package/optee_os/out/arm/export-ta_arm64/lib/libutee.a(utee_syscalls_a64.o)
                0x0000000000005378                _utee_authenc_dec_final
 .text._utee_asymm_operate
                0x0000000000005384        0xc /home/a1009mys/Project/op-tee/op-tee-package/optee_os/out/arm/export-ta_arm64/lib/libutee.a(utee_syscalls_a64.o)
                0x0000000000005384                _utee_asymm_operate
 .text._utee_asymm_verify
                0x0000000000005390        0xc /home/a1009mys/Project/op-tee/op-tee-package/optee_os/out/arm/export-ta_arm64/lib/libutee.a(utee_syscalls_a64.o)
                0x0000000000005390                _utee_asymm_verify
 .text._utee_storage_obj_open
                0x000000000000539c        0xc /home/a1009mys/Project/op-tee/op-tee-package/optee_os/out/arm/export-ta_arm64/lib/libutee.a(utee_syscalls_a64.o)
                0x000000000000539c                _utee_storage_obj_open
 .text._utee_storage_obj_create
                0x00000000000053a8        0xc /home/a1009mys/Project/op-tee/op-tee-package/optee_os/out/arm/export-ta_arm64/lib/libutee.a(utee_syscalls_a64.o)
                0x00000000000053a8                _utee_storage_obj_create
 .text._utee_storage_obj_del
                0x00000000000053b4        0xc /home/a1009mys/Project/op-tee/op-tee-package/optee_os/out/arm/export-ta_arm64/lib/libutee.a(utee_syscalls_a64.o)
                0x00000000000053b4                _utee_storage_obj_del
 .text._utee_storage_obj_rename
                0x00000000000053c0        0xc /home/a1009mys/Project/op-tee/op-tee-package/optee_os/out/arm/export-ta_arm64/lib/libutee.a(utee_syscalls_a64.o)
                0x00000000000053c0                _utee_storage_obj_rename
 .text._utee_storage_alloc_enum
                0x00000000000053cc        0xc /home/a1009mys/Project/op-tee/op-tee-package/optee_os/out/arm/export-ta_arm64/lib/libutee.a(utee_syscalls_a64.o)
                0x00000000000053cc                _utee_storage_alloc_enum
 .text._utee_storage_free_enum
                0x00000000000053d8        0xc /home/a1009mys/Project/op-tee/op-tee-package/optee_os/out/arm/export-ta_arm64/lib/libutee.a(utee_syscalls_a64.o)
                0x00000000000053d8                _utee_storage_free_enum
 .text._utee_storage_reset_enum
                0x00000000000053e4        0xc /home/a1009mys/Project/op-tee/op-tee-package/optee_os/out/arm/export-ta_arm64/lib/libutee.a(utee_syscalls_a64.o)
                0x00000000000053e4                _utee_storage_reset_enum
 .text._utee_storage_start_enum
                0x00000000000053f0        0xc /home/a1009mys/Project/op-tee/op-tee-package/optee_os/out/arm/export-ta_arm64/lib/libutee.a(utee_syscalls_a64.o)
                0x00000000000053f0                _utee_storage_start_enum
 .text._utee_storage_next_enum
                0x00000000000053fc        0xc /home/a1009mys/Project/op-tee/op-tee-package/optee_os/out/arm/export-ta_arm64/lib/libutee.a(utee_syscalls_a64.o)
                0x00000000000053fc                _utee_storage_next_enum
 .text._utee_storage_obj_read
                0x0000000000005408        0xc /home/a1009mys/Project/op-tee/op-tee-package/optee_os/out/arm/export-ta_arm64/lib/libutee.a(utee_syscalls_a64.o)
                0x0000000000005408                _utee_storage_obj_read
 .text._utee_storage_obj_write
                0x0000000000005414        0xc /home/a1009mys/Project/op-tee/op-tee-package/optee_os/out/arm/export-ta_arm64/lib/libutee.a(utee_syscalls_a64.o)
                0x0000000000005414                _utee_storage_obj_write
 .text._utee_storage_obj_trunc
                0x0000000000005420        0xc /home/a1009mys/Project/op-tee/op-tee-package/optee_os/out/arm/export-ta_arm64/lib/libutee.a(utee_syscalls_a64.o)
                0x0000000000005420                _utee_storage_obj_trunc
 .text._utee_storage_obj_seek
                0x000000000000542c        0xc /home/a1009mys/Project/op-tee/op-tee-package/optee_os/out/arm/export-ta_arm64/lib/libutee.a(utee_syscalls_a64.o)
                0x000000000000542c                _utee_storage_obj_seek
 .text._utee_cryp_obj_generate_key
                0x0000000000005438        0xc /home/a1009mys/Project/op-tee/op-tee-package/optee_os/out/arm/export-ta_arm64/lib/libutee.a(utee_syscalls_a64.o)
                0x0000000000005438                _utee_cryp_obj_generate_key
 .text._utee_cache_operation
                0x0000000000005444        0xc /home/a1009mys/Project/op-tee/op-tee-package/optee_os/out/arm/export-ta_arm64/lib/libutee.a(utee_syscalls_a64.o)
                0x0000000000005444                _utee_cache_operation
 .text.unlikely
                0x0000000000005450       0x20 /home/a1009mys/Project/op-tee/op-tee-package/optee_os/out/arm/export-ta_arm64/lib/libutee.a(abort.o)
                0x0000000000005450                abort
 .text          0x0000000000005470     0x215c /home/a1009mys/Project/op-tee/op-tee-package/optee_os/out/arm/export-ta_arm64/lib/libutee.a(tee_api_arith_mpi.o)
                0x0000000000005cd8                _TEE_MathAPI_Init
                0x0000000000005d28                TEE_BigIntInit
                0x0000000000005d88                __GP11_TEE_BigIntInit
                0x0000000000005d90                TEE_BigIntConvertFromOctetString
                0x0000000000005e58                __GP11_TEE_BigIntConvertFromOctetString
                0x0000000000005e60                TEE_BigIntConvertToOctetString
                0x0000000000005f28                __GP11_TEE_BigIntConvertToOctetString
                0x0000000000005f8c                TEE_BigIntConvertFromS32
                0x0000000000006040                TEE_BigIntConvertToS32
                0x00000000000060fc                TEE_BigIntCmp
                0x0000000000006194                TEE_BigIntCmpS32
                0x00000000000063e4                TEE_BigIntShiftRight
                0x0000000000006584                __GP11_TEE_BigIntShiftRight
                0x000000000000658c                TEE_BigIntGetBit
                0x0000000000006610                TEE_BigIntGetBitCount
                0x0000000000006688                TEE_BigIntSetBit
                0x0000000000006734                TEE_BigIntAssign
                0x0000000000006784                TEE_BigIntAbs
                0x00000000000067b0                TEE_BigIntAdd
                0x00000000000067bc                TEE_BigIntSub
                0x00000000000067c8                TEE_BigIntNeg
                0x00000000000068ac                TEE_BigIntMul
                0x00000000000069c0                TEE_BigIntSquare
                0x00000000000069c8                TEE_BigIntDiv
                0x0000000000006b7c                TEE_BigIntMod
                0x0000000000006be8                TEE_BigIntAddMod
                0x0000000000006bf4                TEE_BigIntSubMod
                0x0000000000006c00                TEE_BigIntMulMod
                0x0000000000006c0c                TEE_BigIntSquareMod
                0x0000000000006c18                TEE_BigIntInvMod
                0x0000000000006d68                TEE_BigIntRelativePrime
                0x0000000000006e70                TEE_BigIntExpMod
                0x0000000000007038                TEE_BigIntComputeExtendedGcd
                0x00000000000072a8                TEE_BigIntIsProbablePrime
                0x0000000000007340                TEE_BigIntInitFMM
                0x0000000000007344                __GP11_TEE_BigIntInitFMM
                0x000000000000734c                TEE_BigIntInitFMMContext
                0x0000000000007350                __GP11_TEE_BigIntInitFMMContext
                0x0000000000007358                TEE_BigIntInitFMMContext1
                0x0000000000007360                TEE_BigIntFMMSizeInU32
                0x0000000000007370                __GP11_TEE_BigIntFMMSizeInU32
                0x0000000000007388                TEE_BigIntFMMContextSizeInU32
                0x0000000000007390                __GP11_TEE_BigIntFMMContextSizeInU32
                0x00000000000073a8                TEE_BigIntConvertToFMM
                0x00000000000073ac                TEE_BigIntConvertFromFMM
                0x0000000000007480                TEE_BigIntComputeFMM
 .text          0x00000000000075cc      0xfd0 /home/a1009mys/Project/op-tee/op-tee-package/optee_os/out/arm/export-ta_arm64/lib/libutee.a(tee_api_property.o)
                0x000000000000799c                TEE_GetPropertyAsString
                0x0000000000007c00                __GP11_TEE_GetPropertyAsString
                0x0000000000007c9c                TEE_GetPropertyAsBool
                0x0000000000007d74                TEE_GetPropertyAsU32
                0x0000000000007e5c                TEE_GetPropertyAsU64
                0x0000000000007f44                __GP11_TEE_GetPropertyAsBinaryBlock
                0x000000000000802c                TEE_GetPropertyAsBinaryBlock
                0x00000000000080c8                TEE_GetPropertyAsUUID
                0x00000000000081b0                TEE_GetPropertyAsIdentity
                0x0000000000008298                TEE_ResetPropertyEnumerator
                0x00000000000082a4                TEE_AllocatePropertyEnumerator
                0x00000000000082ec                TEE_FreePropertyEnumerator
                0x00000000000082f0                TEE_StartPropertyEnumerator
                0x0000000000008300                __GP11_TEE_GetPropertyName
                0x0000000000008430                TEE_GetPropertyName
                0x00000000000084bc                TEE_GetNextProperty
 .text          0x000000000000859c      0x34c /home/a1009mys/Project/op-tee/op-tee-package/optee_os/out/arm/export-ta_arm64/lib/libutee.a(tcb.o)
                0x000000000000859c                __utee_tcb_init
                0x00000000000087dc                __tls_get_addr
                0x00000000000087f8                dl_iterate_phdr
 .text          0x00000000000088e8       0x58 /home/a1009mys/Project/op-tee/op-tee-package/optee_os/out/arm/export-ta_arm64/lib/libutee.a(assert.o)
                0x00000000000088e8                _assert_log
                0x000000000000892c                _assert_break
 .text          0x0000000000008940     0x3510 /home/a1009mys/Project/op-tee/op-tee-package/optee_os/out/arm/export-ta_arm64/lib/libmbedtls.a(bignum.o)
                0x00000000000089fc                mbedtls_mpi_lt_mpi_ct
                0x0000000000008adc                mbedtls_mpi_init
                0x0000000000008af0                mbedtls_mpi_init_mempool
                0x0000000000008b18                mbedtls_mpi_free
                0x0000000000008b80                mbedtls_mpi_grow
                0x0000000000008c70                mbedtls_mpi_safe_cond_assign
                0x0000000000008d10                mbedtls_mpi_safe_cond_swap
                0x0000000000008e30                mbedtls_mpi_shrink
                0x0000000000008f60                mbedtls_mpi_copy
                0x000000000000903c                mbedtls_mpi_swap
                0x00000000000090c8                mbedtls_mpi_lset
                0x000000000000913c                mbedtls_mpi_get_bit
                0x0000000000009168                mbedtls_mpi_set_bit
                0x00000000000091f4                mbedtls_mpi_lsb
                0x0000000000009234                mbedtls_mpi_bitlen
                0x0000000000009240                mbedtls_mpi_size
                0x000000000000925c                mbedtls_mpi_read_binary_le
                0x00000000000092bc                mbedtls_mpi_read_binary
                0x000000000000931c                mbedtls_mpi_write_binary_le
                0x0000000000009330                mbedtls_mpi_write_binary
                0x0000000000009344                mbedtls_mpi_shift_l
                0x00000000000093a8                mbedtls_mpi_shift_r
                0x00000000000093dc                mbedtls_mpi_cmp_abs
                0x0000000000009478                mbedtls_mpi_cmp_mpi
                0x0000000000009548                mbedtls_mpi_cmp_int
                0x00000000000095c8                mbedtls_mpi_add_abs
                0x00000000000096c0                mbedtls_mpi_sub_abs
                0x000000000000987c                mbedtls_mpi_add_mpi
                0x0000000000009884                mbedtls_mpi_sub_mpi
                0x000000000000988c                mbedtls_mpi_add_int
                0x000000000000990c                mbedtls_mpi_sub_int
                0x000000000000998c                mbedtls_mpi_mul_mpi
                0x0000000000009b1c                mbedtls_mpi_mul_int
                0x0000000000009bd4                mbedtls_mpi_read_string
                0x0000000000009de0                mbedtls_mpi_div_mpi
                0x000000000000a304                mbedtls_mpi_div_int
                0x000000000000a384                mbedtls_mpi_mod_mpi
                0x000000000000a754                mbedtls_mpi_mod_int
                0x000000000000a7f4                mbedtls_mpi_write_string
                0x000000000000ab3c                mbedtls_mpi_montg_init
                0x000000000000ab64                mbedtls_mpi_montmul
                0x000000000000ab8c                mbedtls_mpi_montred
                0x000000000000ac00                mbedtls_mpi_exp_mod
                0x000000000000ac10                mbedtls_mpi_exp_mod_unsafe
                0x000000000000ac24                mbedtls_mpi_gcd
                0x000000000000adfc                mbedtls_mpi_fill_random
                0x000000000000b110                mbedtls_mpi_random
                0x000000000000b1a8                mbedtls_mpi_inv_mod
                0x000000000000b600                mbedtls_mpi_is_prime_ext
                0x000000000000b6e4                mbedtls_mpi_gen_prime
                0x000000000000ba30                mbedtls_mpi_self_test
 .text          0x000000000000be50     0x1170 /home/a1009mys/Project/op-tee/op-tee-package/optee_os/out/arm/export-ta_arm64/lib/libmbedtls.a(bignum_core.o)
                0x000000000000bec4                mbedtls_mpi_core_clz
                0x000000000000bed0                mbedtls_mpi_core_bitlen
                0x000000000000bf24                mbedtls_mpi_core_bigendian_to_host
                0x000000000000bf58                mbedtls_mpi_core_uint_le_mpi
                0x000000000000bfb0                mbedtls_mpi_core_lt_ct
                0x000000000000c030                mbedtls_mpi_core_cond_assign
                0x000000000000c07c                mbedtls_mpi_core_cond_swap
                0x000000000000c0e4                mbedtls_mpi_core_read_le
                0x000000000000c170                mbedtls_mpi_core_read_be
                0x000000000000c200                mbedtls_mpi_core_write_le
                0x000000000000c2ac                mbedtls_mpi_core_write_be
                0x000000000000c364                mbedtls_mpi_core_shift_r
                0x000000000000c440                mbedtls_mpi_core_shift_l
                0x000000000000c4f8                mbedtls_mpi_core_add
                0x000000000000c534                mbedtls_mpi_core_add_if
                0x000000000000c590                mbedtls_mpi_core_sub
                0x000000000000c5d4                mbedtls_mpi_core_mla
                0x000000000000c7a0                mbedtls_mpi_core_mul
                0x000000000000c824                mbedtls_mpi_core_montmul_init
                0x000000000000c858                mbedtls_mpi_core_montmul
                0x000000000000cc44                mbedtls_mpi_core_get_mont_r2_unsafe
                0x000000000000ccac                mbedtls_mpi_core_fill_random
                0x000000000000cd5c                mbedtls_mpi_core_random
                0x000000000000ce68                mbedtls_mpi_core_exp_mod_working_limbs
                0x000000000000ce90                mbedtls_mpi_core_exp_mod
                0x000000000000ceb8                mbedtls_mpi_core_exp_mod_unsafe
                0x000000000000cee4                mbedtls_mpi_core_sub_int
                0x000000000000cf14                mbedtls_mpi_core_check_zero_ct
                0x000000000000cf38                mbedtls_mpi_core_to_mont_rep
                0x000000000000cf54                mbedtls_mpi_core_from_mont_rep
 .text          0x000000000000cfc0      0x458 /home/a1009mys/Project/op-tee/op-tee-package/optee_os/out/arm/export-ta_arm64/lib/libmbedtls.a(constant_time.o)
                0x000000000000d034                mbedtls_ct_memcmp
                0x000000000000d068                mbedtls_ct_memcmp_partial
                0x000000000000d0f0                mbedtls_ct_memmove_left
                0x000000000000d190                mbedtls_ct_memcpy_if
                0x000000000000d2ac                mbedtls_ct_memcpy_offset
                0x000000000000d33c                mbedtls_ct_zeroize_if
 .text          0x000000000000d418       0x60 /home/a1009mys/Project/op-tee/op-tee-package/optee_os/out/arm/export-ta_arm64/lib/libmbedtls.a(platform_util.o)
                0x000000000000d418                mbedtls_platform_zeroize
                0x000000000000d450                mbedtls_zeroize_and_free
 .text          0x000000000000d478      0xf4c /home/a1009mys/Project/op-tee/op-tee-package/optee_os/out/arm/export-ta_arm64/lib/libutils.a(bget_malloc.o)
                0x000000000000d4b0                bget
                0x000000000000d794                bgetz
                0x000000000000d81c                brel
                0x000000000000dae0                bgetr
                0x000000000000dd24                bpool
                0x000000000000ddf4                bstats
                0x000000000000de88                malloc_reset_stats
                0x000000000000dea0                raw_memalign
                0x000000000000dec4                raw_malloc
                0x000000000000dee8                raw_free
                0x000000000000def8                raw_calloc
                0x000000000000df1c                raw_realloc
                0x000000000000df40                free_flags
                0x000000000000df58                malloc
                0x000000000000df80                malloc_flags
                0x000000000000dfa0                calloc
                0x000000000000dfc8                realloc
                0x000000000000dff0                memalign
                0x000000000000e018                aligned_alloc
                0x000000000000e050                free
                0x000000000000e05c                free_wipe
                0x000000000000e068                raw_malloc_get_ctx_size
                0x000000000000e070                raw_malloc_init_ctx
                0x000000000000e08c                raw_malloc_add_pool
                0x000000000000e16c                raw_malloc_buffer_overlaps_heap
                0x000000000000e1ec                raw_malloc_buffer_is_within_alloced
                0x000000000000e33c                raw_malloc_get_stats
                0x000000000000e378                malloc_get_stats
                0x000000000000e388                malloc_add_pool
                0x000000000000e39c                malloc_buffer_is_within_alloced
                0x000000000000e3b0                malloc_buffer_overlaps_heap
 .text          0x000000000000e3c4      0x12c /home/a1009mys/Project/op-tee/op-tee-package/optee_os/out/arm/export-ta_arm64/lib/libutils.a(snprintf.o)
                0x000000000000e3c4                snprintf
                0x000000000000e498                vsnprintf
 .text          0x000000000000e4f0       0x5c /home/a1009mys/Project/op-tee/op-tee-package/optee_os/out/arm/export-ta_arm64/lib/libutils.a(memmove.o)
                0x000000000000e4f0                memmove
 .text          0x000000000000e54c       0x1c /home/a1009mys/Project/op-tee/op-tee-package/optee_os/out/arm/export-ta_arm64/lib/libutils.a(memset.o)
                0x000000000000e54c                memset
 .text          0x000000000000e568       0x24 /home/a1009mys/Project/op-tee/op-tee-package/optee_os/out/arm/export-ta_arm64/lib/libutils.a(strcmp.o)
                0x000000000000e568                strcmp
 .text          0x000000000000e58c       0x38 /home/a1009mys/Project/op-tee/op-tee-package/optee_os/out/arm/export-ta_arm64/lib/libutils.a(strlcpy.o)
                0x000000000000e58c                strlcpy
 .text          0x000000000000e5c4      0x198 /home/a1009mys/Project/op-tee/op-tee-package/optee_os/out/arm/export-ta_arm64/lib/libutils.a(mempool.o)
                0x000000000000e5c4                mempool_alloc_pool
                0x000000000000e68c                mempool_alloc
                0x000000000000e6f0                mempool_calloc
                0x000000000000e740                mempool_free
 .text          0x000000000000e75c       0x70 /home/a1009mys/Project/op-tee/op-tee-package/optee_os/out/arm/export-ta_arm64/lib/libutils.a(consttime_memcmp.o)
                0x000000000000e75c                consttime_memcmp
 .text          0x000000000000e7cc      0x250 /home/a1009mys/Project/op-tee/op-tee-package/optee_os/out/arm/export-ta_arm64/lib/libutils.a(base64.o)
                0x000000000000e7cc                base64_enc_len
                0x000000000000e7e4                base64_enc
                0x000000000000e8f8                base64_dec
 .text          0x000000000000ea1c        0x0 /home/a1009mys/Project/op-tee/op-tee-package/optee_os/out/arm/export-ta_arm64/lib/libutee.a(utee_syscalls_a64.o)
 .text          0x000000000000ea1c        0x0 /home/a1009mys/Project/op-tee/op-tee-package/optee_os/out/arm/export-ta_arm64/lib/libutee.a(abort.o)
 *(SORT_BY_ALIGNMENT(.stub))
 *(SORT_BY_ALIGNMENT(.glue_7))
 *(SORT_BY_ALIGNMENT(.glue_7t))
 *(SORT_BY_ALIGNMENT(.gnu.linkonce.t.*))
 *(SORT_BY_ALIGNMENT(.vfp11_veneer))
                0x000000000000ea1c                __text_end = .

.note.gnu.property
 *(SORT_BY_ALIGNMENT(.note.gnu.property))

.plt            0x000000000000ea1c        0x0
 *(SORT_BY_ALIGNMENT(.plt))
 .plt           0x000000000000ea1c        0x0 ./secure_storage_ta.o

.eh_frame_hdr
 *(SORT_BY_ALIGNMENT(.eh_frame_hdr))
 *(SORT_BY_ALIGNMENT(.eh_frame_entry) SORT_BY_ALIGNMENT(.eh_frame_entry.*))

.eh_frame       0x000000000000ea20     0x3530
 *(SORT_BY_ALIGNMENT(.eh_frame))
 .eh_frame      0x000000000000ea20       0x98 ./secure_storage_ta.o
 .eh_frame      0x000000000000eab8       0x58 ./user_ta_header.o
                                         0x68 (size before relaxing)
 .eh_frame      0x000000000000eb10       0x18 /home/a1009mys/Project/op-tee/op-tee-package/optee_os/out/arm/export-ta_arm64/lib/libutils.a(stack_check.o)
                                         0x30 (size before relaxing)
 .eh_frame      0x000000000000eb28       0xb8 /home/a1009mys/Project/op-tee/op-tee-package/optee_os/out/arm/export-ta_arm64/lib/libutils.a(trace.o)
                                         0xc8 (size before relaxing)
 .eh_frame      0x000000000000ebe0       0x18 /home/a1009mys/Project/op-tee/op-tee-package/optee_os/out/arm/export-ta_arm64/lib/libutils.a(memcpy.o)
                                         0x28 (size before relaxing)
 .eh_frame      0x000000000000ebf8       0xf0 /home/a1009mys/Project/op-tee/op-tee-package/optee_os/out/arm/export-ta_arm64/lib/libutils.a(snprintk.o)
                                        0x100 (size before relaxing)
 .eh_frame      0x000000000000ece8       0x18 /home/a1009mys/Project/op-tee/op-tee-package/optee_os/out/arm/export-ta_arm64/lib/libutils.a(memchr.o)
                                         0x28 (size before relaxing)
 .eh_frame      0x000000000000ed00       0x18 /home/a1009mys/Project/op-tee/op-tee-package/optee_os/out/arm/export-ta_arm64/lib/libutils.a(strlen.o)
                                         0x28 (size before relaxing)
 .eh_frame      0x000000000000ed18       0xa8 /home/a1009mys/Project/op-tee/op-tee-package/optee_os/out/arm/export-ta_arm64/lib/libutee.a(trace_ext.o)
                                         0xc0 (size before relaxing)
 .eh_frame      0x000000000000edc0      0x590 /home/a1009mys/Project/op-tee/op-tee-package/optee_os/out/arm/export-ta_arm64/lib/libutee.a(tee_api.o)
                                        0x5a8 (size before relaxing)
 .eh_frame      0x000000000000f350      0x758 /home/a1009mys/Project/op-tee/op-tee-package/optee_os/out/arm/export-ta_arm64/lib/libutee.a(tee_api_objects.o)
                                        0x768 (size before relaxing)
 .eh_frame      0x000000000000faa8      0x178 /home/a1009mys/Project/op-tee/op-tee-package/optee_os/out/arm/export-ta_arm64/lib/libutee.a(tee_api_panic.o)
                                        0x188 (size before relaxing)
 .eh_frame      0x000000000000fc20       0xa8 /home/a1009mys/Project/op-tee/op-tee-package/optee_os/out/arm/export-ta_arm64/lib/libutee.a(tee_system_pta.o)
                                         0xc0 (size before relaxing)
 .eh_frame      0x000000000000fcc8      0x150 /home/a1009mys/Project/op-tee/op-tee-package/optee_os/out/arm/export-ta_arm64/lib/libutee.a(user_ta_entry.o)
                                        0x160 (size before relaxing)
 .eh_frame      0x000000000000fe18       0x80 /home/a1009mys/Project/op-tee/op-tee-package/optee_os/out/arm/export-ta_arm64/lib/libutee.a(user_ta_entry_compat.o)
                                         0x98 (size before relaxing)
 .eh_frame      0x000000000000fe98       0x18 /home/a1009mys/Project/op-tee/op-tee-package/optee_os/out/arm/export-ta_arm64/lib/libutee.a(abort.o)
                                         0x30 (size before relaxing)
 .eh_frame      0x000000000000feb0      0x7d0 /home/a1009mys/Project/op-tee/op-tee-package/optee_os/out/arm/export-ta_arm64/lib/libutee.a(tee_api_arith_mpi.o)
                                        0x7e0 (size before relaxing)
 .eh_frame      0x0000000000010680      0x310 /home/a1009mys/Project/op-tee/op-tee-package/optee_os/out/arm/export-ta_arm64/lib/libutee.a(tee_api_property.o)
                                        0x320 (size before relaxing)
 .eh_frame      0x0000000000010990       0x90 /home/a1009mys/Project/op-tee/op-tee-package/optee_os/out/arm/export-ta_arm64/lib/libutee.a(tcb.o)
                                         0xa0 (size before relaxing)
 .eh_frame      0x0000000000010a20       0x38 /home/a1009mys/Project/op-tee/op-tee-package/optee_os/out/arm/export-ta_arm64/lib/libutee.a(assert.o)
                                         0x50 (size before relaxing)
 .eh_frame      0x0000000000010a58      0x998 /home/a1009mys/Project/op-tee/op-tee-package/optee_os/out/arm/export-ta_arm64/lib/libmbedtls.a(bignum.o)
                                        0x9a8 (size before relaxing)
 .eh_frame      0x00000000000113f0      0x490 /home/a1009mys/Project/op-tee/op-tee-package/optee_os/out/arm/export-ta_arm64/lib/libmbedtls.a(bignum_core.o)
                                        0x4a8 (size before relaxing)
 .eh_frame      0x0000000000011880      0x148 /home/a1009mys/Project/op-tee/op-tee-package/optee_os/out/arm/export-ta_arm64/lib/libmbedtls.a(constant_time.o)
                                        0x160 (size before relaxing)
 .eh_frame      0x00000000000119c8       0x48 /home/a1009mys/Project/op-tee/op-tee-package/optee_os/out/arm/export-ta_arm64/lib/libmbedtls.a(platform_util.o)
                                         0x60 (size before relaxing)
 .eh_frame      0x0000000000011a10      0x388 /home/a1009mys/Project/op-tee/op-tee-package/optee_os/out/arm/export-ta_arm64/lib/libutils.a(bget_malloc.o)
                                        0x3a0 (size before relaxing)
 .eh_frame      0x0000000000011d98       0x58 /home/a1009mys/Project/op-tee/op-tee-package/optee_os/out/arm/export-ta_arm64/lib/libutils.a(snprintf.o)
                                         0x68 (size before relaxing)
 .eh_frame      0x0000000000011df0       0x18 /home/a1009mys/Project/op-tee/op-tee-package/optee_os/out/arm/export-ta_arm64/lib/libutils.a(memmove.o)
                                         0x28 (size before relaxing)
 .eh_frame      0x0000000000011e08       0x18 /home/a1009mys/Project/op-tee/op-tee-package/optee_os/out/arm/export-ta_arm64/lib/libutils.a(memset.o)
                                         0x28 (size before relaxing)
 .eh_frame      0x0000000000011e20       0x18 /home/a1009mys/Project/op-tee/op-tee-package/optee_os/out/arm/export-ta_arm64/lib/libutils.a(strcmp.o)
                                         0x28 (size before relaxing)
 .eh_frame      0x0000000000011e38       0x18 /home/a1009mys/Project/op-tee/op-tee-package/optee_os/out/arm/export-ta_arm64/lib/libutils.a(strlcpy.o)
                                         0x28 (size before relaxing)
 .eh_frame      0x0000000000011e50       0x88 /home/a1009mys/Project/op-tee/op-tee-package/optee_os/out/arm/export-ta_arm64/lib/libutils.a(mempool.o)
                                         0xa0 (size before relaxing)
 .eh_frame      0x0000000000011ed8       0x20 /home/a1009mys/Project/op-tee/op-tee-package/optee_os/out/arm/export-ta_arm64/lib/libutils.a(consttime_memcmp.o)
                                         0x30 (size before relaxing)
 .eh_frame      0x0000000000011ef8       0x58 /home/a1009mys/Project/op-tee/op-tee-package/optee_os/out/arm/export-ta_arm64/lib/libutils.a(base64.o)
                                         0x70 (size before relaxing)
 *(SORT_BY_ALIGNMENT(.eh_frame.*))

.gcc_except_table
 *(SORT_BY_ALIGNMENT(.gcc_except_table) SORT_BY_ALIGNMENT(.gcc_except_table.*))

.rodata         0x0000000000011f50     0x11dc
 *(SORT_BY_ALIGNMENT(.gnu.linkonce.r.*))
 *(SORT_BY_ALIGNMENT(.rodata) SORT_BY_ALIGNMENT(.rodata.*))
 .rodata./home/a1009mys/Project/op-tee/op-tee-package/optee_os/out/arm/export-ta_arm64/src/user_ta_header.c
                0x0000000000011f50       0x33 ./user_ta_header.o
                0x0000000000011f50                ta_num_props
                0x0000000000011f70                __ta_no_share_heap_size
                0x0000000000011f78                ta_heap_size
                0x0000000000011f80                trace_ext_prefix
 *fill*         0x0000000000011f83        0x5 
 .rodata.lib/libutee/tee_api.c
                0x0000000000011f88       0x20 /home/a1009mys/Project/op-tee/op-tee-package/optee_os/out/arm/export-ta_arm64/lib/libutee.a(tee_api.o)
 .rodata.lib/libutils/ext/snprintk.c
                0x0000000000011fa8       0xac /home/a1009mys/Project/op-tee/op-tee-package/optee_os/out/arm/export-ta_arm64/lib/libutils.a(snprintk.o)
 .rodata.lib/libutee/tee_system_pta.c
                0x0000000000012054       0x31 /home/a1009mys/Project/op-tee/op-tee-package/optee_os/out/arm/export-ta_arm64/lib/libutee.a(tee_system_pta.o)
 *fill*         0x0000000000012085        0x3 
 .rodata.lib/libutee/tee_api_property.c
                0x0000000000012088       0x20 /home/a1009mys/Project/op-tee/op-tee-package/optee_os/out/arm/export-ta_arm64/lib/libutee.a(tee_api_property.o)
 .rodata.lib/libmbedtls/mbedtls/library/bignum.c
                0x00000000000120a8       0xcc /home/a1009mys/Project/op-tee/op-tee-package/optee_os/out/arm/export-ta_arm64/lib/libmbedtls.a(bignum.o)
 .rodata.lib/libutils/ext/base64.c
                0x0000000000012174       0x45 /home/a1009mys/Project/op-tee/op-tee-package/optee_os/out/arm/export-ta_arm64/lib/libutils.a(base64.o)
 .rodata.str1.1.secure_storage_ta.c
                0x00000000000121b9       0xfa ./secure_storage_ta.o
 .rodata.secure_storage_ta.c
                0x00000000000122b3       0x52 ./secure_storage_ta.o
 .rodata.str1.1./home/a1009mys/Project/op-tee/op-tee-package/optee_os/out/arm/export-ta_arm64/src/user_ta_header.c
                0x0000000000012305      0x15f ./user_ta_header.o
 .rodata.str1.1.lib/libutils/isoc/stack_check.c
                0x0000000000012464       0x18 /home/a1009mys/Project/op-tee/op-tee-package/optee_os/out/arm/export-ta_arm64/lib/libutils.a(stack_check.o)
 .rodata.str1.1.lib/libutils/ext/trace.c
                0x000000000001247c       0x1a /home/a1009mys/Project/op-tee/op-tee-package/optee_os/out/arm/export-ta_arm64/lib/libutils.a(trace.o)
                                         0x1b (size before relaxing)
 .rodata.lib/libutils/ext/trace.c
                0x0000000000012496        0x5 /home/a1009mys/Project/op-tee/op-tee-package/optee_os/out/arm/export-ta_arm64/lib/libutils.a(trace.o)
 .rodata.str1.1.lib/libutils/ext/snprintk.c
                0x000000000001249b       0x38 /home/a1009mys/Project/op-tee/op-tee-package/optee_os/out/arm/export-ta_arm64/lib/libutils.a(snprintk.o)
 .rodata.str1.1.lib/libutee/trace_ext.c
                0x00000000000124d3       0x38 /home/a1009mys/Project/op-tee/op-tee-package/optee_os/out/arm/export-ta_arm64/lib/libutee.a(trace_ext.o)
                                          0x2 (size before relaxing)
 .rodata.str1.1.lib/libutee/tee_api.c
                0x00000000000124d3       0x11 /home/a1009mys/Project/op-tee/op-tee-package/optee_os/out/arm/export-ta_arm64/lib/libutee.a(tee_api.o)
 .rodata.str1.1.lib/libutee/tee_system_pta.c
                0x00000000000124e4       0x55 /home/a1009mys/Project/op-tee/op-tee-package/optee_os/out/arm/export-ta_arm64/lib/libutee.a(tee_system_pta.o)
 .rodata.str1.1.lib/libutee/user_ta_entry.c
                0x0000000000012539       0x4f /home/a1009mys/Project/op-tee/op-tee-package/optee_os/out/arm/export-ta_arm64/lib/libutee.a(user_ta_entry.o)
 .rodata.lib/libutee/user_ta_entry.c
                0x0000000000012588       0x16 /home/a1009mys/Project/op-tee/op-tee-package/optee_os/out/arm/export-ta_arm64/lib/libutee.a(user_ta_entry.o)
 .rodata.str1.1.lib/libutee/abort.c
                0x000000000001259e        0x7 /home/a1009mys/Project/op-tee/op-tee-package/optee_os/out/arm/export-ta_arm64/lib/libutee.a(abort.o)
 .rodata.str1.1.lib/libutee/tee_api_arith_mpi.c
                0x00000000000125a5       0xc9 /home/a1009mys/Project/op-tee/op-tee-package/optee_os/out/arm/export-ta_arm64/lib/libutee.a(tee_api_arith_mpi.o)
 .rodata.lib/libutee/tee_api_arith_mpi.c
                0x000000000001266e      0x14e /home/a1009mys/Project/op-tee/op-tee-package/optee_os/out/arm/export-ta_arm64/lib/libutee.a(tee_api_arith_mpi.o)
 .rodata.str1.1.lib/libutee/tee_api_property.c
                0x00000000000127bc       0x80 /home/a1009mys/Project/op-tee/op-tee-package/optee_os/out/arm/export-ta_arm64/lib/libutee.a(tee_api_property.o)
                                         0x88 (size before relaxing)
 .rodata.str1.1.lib/libutee/tcb.c
                0x000000000001283c       0x8d /home/a1009mys/Project/op-tee/op-tee-package/optee_os/out/arm/export-ta_arm64/lib/libutee.a(tcb.o)
 .rodata.lib/libutee/tcb.c
                0x00000000000128c9       0x20 /home/a1009mys/Project/op-tee/op-tee-package/optee_os/out/arm/export-ta_arm64/lib/libutee.a(tcb.o)
 .rodata.str1.1.lib/libutee/assert.c
                0x00000000000128e9       0x27 /home/a1009mys/Project/op-tee/op-tee-package/optee_os/out/arm/export-ta_arm64/lib/libutee.a(assert.o)
 .rodata.str1.1.lib/libmbedtls/mbedtls/library/bignum.c
                0x0000000000012910      0x456 /home/a1009mys/Project/op-tee/op-tee-package/optee_os/out/arm/export-ta_arm64/lib/libmbedtls.a(bignum.o)
                                        0x45d (size before relaxing)
 .rodata.str1.1.lib/libutils/isoc/bget_malloc.c
                0x0000000000012d66      0x2b9 /home/a1009mys/Project/op-tee/op-tee-package/optee_os/out/arm/export-ta_arm64/lib/libutils.a(bget_malloc.o)
                                        0x2c2 (size before relaxing)
 .rodata.lib/libutils/isoc/bget_malloc.c
                0x000000000001301f       0x58 /home/a1009mys/Project/op-tee/op-tee-package/optee_os/out/arm/export-ta_arm64/lib/libutils.a(bget_malloc.o)
 .rodata.str1.1.lib/libutils/ext/mempool.c
                0x0000000000013077       0x89 /home/a1009mys/Project/op-tee/op-tee-package/optee_os/out/arm/export-ta_arm64/lib/libutils.a(mempool.o)
 .rodata.lib/libutils/ext/mempool.c
                0x0000000000013100       0x2c /home/a1009mys/Project/op-tee/op-tee-package/optee_os/out/arm/export-ta_arm64/lib/libutils.a(mempool.o)

.gnu.version_d  0x0000000000013130        0x0
 .gnu.version_d
                0x0000000000013130        0x0 ./secure_storage_ta.o

.gnu.version    0x000000000001312c        0x0
 .gnu.version   0x000000000001312c        0x0 ./secure_storage_ta.o

.gnu.version_r  0x0000000000013130        0x0
 .gnu.version_r
                0x0000000000013130        0x0 ./secure_storage_ta.o

.gnu.hash       0x0000000000013130       0x34
 .gnu.hash      0x0000000000013130       0x34 ./secure_storage_ta.o

.ta_head        0x0000000000013168       0x20
 .ta_head       0x0000000000013168       0x20 ./user_ta_header.o
                0x0000000000013168                ta_head

.ARM.extab
 *(SORT_BY_ALIGNMENT(.ARM.extab*) SORT_BY_ALIGNMENT(.gnu.linkonce.armextab.*))
                [!provide]                        PROVIDE (__exidx_start = .)

.ARM.exidx
 *(SORT_BY_ALIGNMENT(.ARM.exidx*) SORT_BY_ALIGNMENT(.gnu.linkonce.armexidx.*))
                [!provide]                        PROVIDE (__exidx_end = .)

.ctors
 *(SORT_BY_ALIGNMENT(.ctors))

.dtors
 *(SORT_BY_ALIGNMENT(.dtors))

.dynsym         0x0000000000013188       0xa8
 *(SORT_BY_ALIGNMENT(.dynsym))
 .dynsym        0x0000000000013188       0xa8 ./secure_storage_ta.o

.dynstr         0x0000000000013230       0x36
 *(SORT_BY_ALIGNMENT(.dynstr))
 .dynstr        0x0000000000013230       0x36 ./secure_storage_ta.o

.hash           0x0000000000013268       0x30
 *(SORT_BY_ALIGNMENT(.hash))
 .hash          0x0000000000013268       0x30 ./secure_storage_ta.o

.rela.dyn       0x0000000000013298      0x348
 .rela.data.rel.ro
                0x0000000000013298        0x0 ./secure_storage_ta.o
 .rela.ifunc    0x0000000000013298        0x0 ./secure_storage_ta.o
 .rela.data.rel.ro.local
                0x0000000000013298      0x2d0 ./secure_storage_ta.o
 .rela.data.rel.local
                0x0000000000013568       0x60 ./secure_storage_ta.o
 .rela.data.rel
                0x00000000000135c8       0x18 ./secure_storage_ta.o
                0x0000000000014000                . = ALIGN (0x1000)

.dynamic        0x0000000000014000      0x110
 *(SORT_BY_ALIGNMENT(.dynamic))
 .dynamic       0x0000000000014000      0x110 ./secure_storage_ta.o
                0x0000000000014000                _DYNAMIC

.tdata
 *(SORT_BY_ALIGNMENT(.tdata) SORT_BY_ALIGNMENT(.tdata.*) SORT_BY_ALIGNMENT(.gnu.linkonce.td.*))

.tbss
 *(SORT_BY_ALIGNMENT(.tbss) SORT_BY_ALIGNMENT(.tbss.*) SORT_BY_ALIGNMENT(.gnu.linkonce.tb.*))
 *(SORT_BY_ALIGNMENT(.tcommon))

.got            0x0000000000014110       0xd8
 *(SORT_BY_ALIGNMENT(.got.plt))
 .got.plt       0x0000000000014110       0x18 ./secure_storage_ta.o
 *(SORT_BY_ALIGNMENT(.got))
 .got           0x0000000000014128       0xc0 ./secure_storage_ta.o
                0x0000000000014128                _GLOBAL_OFFSET_TABLE_

.rel.text
 *(SORT_BY_ALIGNMENT(.rel.text))
 *(SORT_BY_ALIGNMENT(.rel.gnu.linkonce.t*))

.rela.text
 *(SORT_BY_ALIGNMENT(.rela.text))
 *(SORT_BY_ALIGNMENT(.rela.gnu.linkonce.t*))

.rel.data
 *(SORT_BY_ALIGNMENT(.rel.data))
 *(SORT_BY_ALIGNMENT(.rel.gnu.linkonce.d*))

.rela.data
 *(SORT_BY_ALIGNMENT(.rela.data))
 *(SORT_BY_ALIGNMENT(.rela.gnu.linkonce.d*))

.rel.tdata
 *(SORT_BY_ALIGNMENT(.rel.tdata) SORT_BY_ALIGNMENT(.rel.tdata.*) SORT_BY_ALIGNMENT(.rel.gnu.linkonce.td.*))

.rela.tdata
 *(SORT_BY_ALIGNMENT(.rela.tdata) SORT_BY_ALIGNMENT(.rela.tdata.*) SORT_BY_ALIGNMENT(.rela.gnu.linkonce.td.*))

.rel.tbss
 *(SORT_BY_ALIGNMENT(.rel.tbss) SORT_BY_ALIGNMENT(.rel.tbss.*) SORT_BY_ALIGNMENT(.rel.gnu.linkonce.tb.*))

.rela.tbss
 *(SORT_BY_ALIGNMENT(.rela.tbss) SORT_BY_ALIGNMENT(.rela.tbss.*) SORT_BY_ALIGNMENT(.rela.gnu.linkonce.tb.*))

.rel.rodata
 *(SORT_BY_ALIGNMENT(.rel.rodata))
 *(SORT_BY_ALIGNMENT(.rel.gnu.linkonce.r*))

.rela.rodata
 *(SORT_BY_ALIGNMENT(.rela.rodata))
 *(SORT_BY_ALIGNMENT(.rela.gnu.linkonce.r*))

.rel.dyn
 *(SORT_BY_ALIGNMENT(.rel.dyn))

.rel.got
 *(SORT_BY_ALIGNMENT(.rel.got))

.rela.got       0x00000000000141e8      0x228
 *(SORT_BY_ALIGNMENT(.rela.got))
 .rela.got      0x00000000000141e8      0x228 ./secure_storage_ta.o

.rel.ctors
 *(SORT_BY_ALIGNMENT(.rel.ctors))

.rela.ctors
 *(SORT_BY_ALIGNMENT(.rela.ctors))

.rel.dtors
 *(SORT_BY_ALIGNMENT(.rel.dtors))

.rela.dtors
 *(SORT_BY_ALIGNMENT(.rela.dtors))

.rel.init
 *(SORT_BY_ALIGNMENT(.rel.init))

.rela.init
 *(SORT_BY_ALIGNMENT(.rela.init))

.rel.fini
 *(SORT_BY_ALIGNMENT(.rel.fini))

.rela.fini
 *(SORT_BY_ALIGNMENT(.rela.fini))

.rel.bss
 *(SORT_BY_ALIGNMENT(.rel.bss))

.rela.bss       0x0000000000014410        0x0
 *(SORT_BY_ALIGNMENT(.rela.bss))
 .rela.bss      0x0000000000014410        0x0 ./secure_storage_ta.o

.rel.plt
 *(SORT_BY_ALIGNMENT(.rel.plt))

.rela.plt       0x0000000000014410        0x0
 *(SORT_BY_ALIGNMENT(.rela.plt))
 .rela.plt      0x0000000000014410        0x0 ./secure_storage_ta.o

.data           0x0000000000014410      0x21c
 *(SORT_BY_ALIGNMENT(.data) SORT_BY_ALIGNMENT(.data.*) SORT_BY_ALIGNMENT(.gnu.linkonce.d.*))
 .data.rel.ro.local
                0x0000000000014410      0x108 ./user_ta_header.o
                0x0000000000014410                ta_props
 .data          0x0000000000014518        0x8 /home/a1009mys/Project/op-tee/op-tee-package/optee_os/out/arm/export-ta_arm64/lib/libutils.a(stack_check.o)
                0x0000000000014518                __stack_chk_guard
 .data.rel.local
                0x0000000000014520       0x20 /home/a1009mys/Project/op-tee/op-tee-package/optee_os/out/arm/export-ta_arm64/lib/libutee.a(user_ta_entry.o)
 .data.rel.ro.local
                0x0000000000014540       0x60 /home/a1009mys/Project/op-tee/op-tee-package/optee_os/out/arm/export-ta_arm64/lib/libutee.a(tee_api_property.o)
                0x0000000000014540                tee_props
 .data.rel      0x00000000000145a0        0x8 /home/a1009mys/Project/op-tee/op-tee-package/optee_os/out/arm/export-ta_arm64/lib/libmbedtls.a(platform_util.o)
 .data.rel.local
                0x00000000000145a8       0x80 /home/a1009mys/Project/op-tee/op-tee-package/optee_os/out/arm/export-ta_arm64/lib/libutils.a(bget_malloc.o)
 .data          0x0000000000014628        0x4 ./user_ta_header.o
                0x0000000000014628                trace_level
 .data          0x000000000001462c        0x0 ./secure_storage_ta.o
 .data.rel.ro   0x000000000001462c        0x0 ./secure_storage_ta.o
 .data          0x000000000001462c        0x0 /home/a1009mys/Project/op-tee/op-tee-package/optee_os/out/arm/export-ta_arm64/lib/libutils.a(trace.o)
 .data          0x000000000001462c        0x0 /home/a1009mys/Project/op-tee/op-tee-package/optee_os/out/arm/export-ta_arm64/lib/libutils.a(memcpy.o)
 .data          0x000000000001462c        0x0 /home/a1009mys/Project/op-tee/op-tee-package/optee_os/out/arm/export-ta_arm64/lib/libutils.a(snprintk.o)
 .data          0x000000000001462c        0x0 /home/a1009mys/Project/op-tee/op-tee-package/optee_os/out/arm/export-ta_arm64/lib/libutils.a(memchr.o)
 .data          0x000000000001462c        0x0 /home/a1009mys/Project/op-tee/op-tee-package/optee_os/out/arm/export-ta_arm64/lib/libutils.a(strlen.o)
 .data          0x000000000001462c        0x0 /home/a1009mys/Project/op-tee/op-tee-package/optee_os/out/arm/export-ta_arm64/lib/libutee.a(trace_ext.o)
 .data          0x000000000001462c        0x0 /home/a1009mys/Project/op-tee/op-tee-package/optee_os/out/arm/export-ta_arm64/lib/libutee.a(tee_api.o)
 .data          0x000000000001462c        0x0 /home/a1009mys/Project/op-tee/op-tee-package/optee_os/out/arm/export-ta_arm64/lib/libutee.a(tee_api_objects.o)
 .data          0x000000000001462c        0x0 /home/a1009mys/Project/op-tee/op-tee-package/optee_os/out/arm/export-ta_arm64/lib/libutee.a(tee_api_panic.o)
 .data          0x000000000001462c        0x0 /home/a1009mys/Project/op-tee/op-tee-package/optee_os/out/arm/export-ta_arm64/lib/libutee.a(tee_system_pta.o)
 .data          0x000000000001462c        0x0 /home/a1009mys/Project/op-tee/op-tee-package/optee_os/out/arm/export-ta_arm64/lib/libutee.a(user_ta_entry.o)
 .data          0x000000000001462c        0x0 /home/a1009mys/Project/op-tee/op-tee-package/optee_os/out/arm/export-ta_arm64/lib/libutee.a(user_ta_entry_compat.o)
 .data          0x000000000001462c        0x0 /home/a1009mys/Project/op-tee/op-tee-package/optee_os/out/arm/export-ta_arm64/lib/libutee.a(utee_syscalls_a64.o)
 .data          0x000000000001462c        0x0 /home/a1009mys/Project/op-tee/op-tee-package/optee_os/out/arm/export-ta_arm64/lib/libutee.a(abort.o)
 .data          0x000000000001462c        0x0 /home/a1009mys/Project/op-tee/op-tee-package/optee_os/out/arm/export-ta_arm64/lib/libutee.a(tee_api_arith_mpi.o)
 .data          0x000000000001462c        0x0 /home/a1009mys/Project/op-tee/op-tee-package/optee_os/out/arm/export-ta_arm64/lib/libutee.a(tee_api_property.o)
 .data          0x000000000001462c        0x0 /home/a1009mys/Project/op-tee/op-tee-package/optee_os/out/arm/export-ta_arm64/lib/libutee.a(tcb.o)
 .data          0x000000000001462c        0x0 /home/a1009mys/Project/op-tee/op-tee-package/optee_os/out/arm/export-ta_arm64/lib/libutee.a(assert.o)
 .data          0x000000000001462c        0x0 /home/a1009mys/Project/op-tee/op-tee-package/optee_os/out/arm/export-ta_arm64/lib/libmbedtls.a(bignum.o)
 .data          0x000000000001462c        0x0 /home/a1009mys/Project/op-tee/op-tee-package/optee_os/out/arm/export-ta_arm64/lib/libmbedtls.a(bignum_core.o)
 .data          0x000000000001462c        0x0 /home/a1009mys/Project/op-tee/op-tee-package/optee_os/out/arm/export-ta_arm64/lib/libmbedtls.a(constant_time.o)
 .data          0x000000000001462c        0x0 /home/a1009mys/Project/op-tee/op-tee-package/optee_os/out/arm/export-ta_arm64/lib/libmbedtls.a(platform_util.o)
 .data          0x000000000001462c        0x0 /home/a1009mys/Project/op-tee/op-tee-package/optee_os/out/arm/export-ta_arm64/lib/libutils.a(bget_malloc.o)
 .data          0x000000000001462c        0x0 /home/a1009mys/Project/op-tee/op-tee-package/optee_os/out/arm/export-ta_arm64/lib/libutils.a(snprintf.o)
 .data          0x000000000001462c        0x0 /home/a1009mys/Project/op-tee/op-tee-package/optee_os/out/arm/export-ta_arm64/lib/libutils.a(memmove.o)
 .data          0x000000000001462c        0x0 /home/a1009mys/Project/op-tee/op-tee-package/optee_os/out/arm/export-ta_arm64/lib/libutils.a(memset.o)
 .data          0x000000000001462c        0x0 /home/a1009mys/Project/op-tee/op-tee-package/optee_os/out/arm/export-ta_arm64/lib/libutils.a(strcmp.o)
 .data          0x000000000001462c        0x0 /home/a1009mys/Project/op-tee/op-tee-package/optee_os/out/arm/export-ta_arm64/lib/libutils.a(strlcpy.o)
 .data          0x000000000001462c        0x0 /home/a1009mys/Project/op-tee/op-tee-package/optee_os/out/arm/export-ta_arm64/lib/libutils.a(mempool.o)
 .data          0x000000000001462c        0x0 /home/a1009mys/Project/op-tee/op-tee-package/optee_os/out/arm/export-ta_arm64/lib/libutils.a(consttime_memcmp.o)
 .data          0x000000000001462c        0x0 /home/a1009mys/Project/op-tee/op-tee-package/optee_os/out/arm/export-ta_arm64/lib/libutils.a(base64.o)

.bss            0x0000000000014630     0xb8a8
 *(SORT_BY_ALIGNMENT(.bss) SORT_BY_ALIGNMENT(.bss.*) SORT_BY_ALIGNMENT(.gnu.linkonce.b.*) SORT_BY_ALIGNMENT(COMMON))
 .bss           0x0000000000014630       0x10 /home/a1009mys/Project/op-tee/op-tee-package/optee_os/out/arm/export-ta_arm64/lib/libutee.a(tee_api.o)
 .bss           0x0000000000014640        0x8 /home/a1009mys/Project/op-tee/op-tee-package/optee_os/out/arm/export-ta_arm64/lib/libutee.a(tee_system_pta.o)
 .bss           0x0000000000014648       0x6c /home/a1009mys/Project/op-tee/op-tee-package/optee_os/out/arm/export-ta_arm64/lib/libutee.a(user_ta_entry.o)
                0x0000000000014658                __elf_phdr_info
                0x0000000000014668                __ta_no_share_malloc_ctx
                0x0000000000014670                ta_params
                0x00000000000146b0                ta_param_types
 *fill*         0x00000000000146b4        0x4 
 .bss           0x00000000000146b8     0x3800 /home/a1009mys/Project/op-tee/op-tee-package/optee_os/out/arm/export-ta_arm64/lib/libutee.a(tee_api_arith_mpi.o)
 .bss           0x0000000000017eb8       0x10 /home/a1009mys/Project/op-tee/op-tee-package/optee_os/out/arm/export-ta_arm64/lib/libutee.a(tcb.o)
 .bss           0x0000000000017ec8        0x8 /home/a1009mys/Project/op-tee/op-tee-package/optee_os/out/arm/export-ta_arm64/lib/libmbedtls.a(bignum.o)
                0x0000000000017ec8                mbedtls_mpi_mempool
 .bss           0x0000000000017ed0        0x8 /home/a1009mys/Project/op-tee/op-tee-package/optee_os/out/arm/export-ta_arm64/lib/libmbedtls.a(constant_time.o)
                0x0000000000017ed0                mbedtls_ct_zero
 .bss           0x0000000000017ed8        0x0 ./secure_storage_ta.o
 .bss           0x0000000000017ed8     0x8000 ./user_ta_header.o
                0x0000000000017ed8                ta_heap
                0x0000000000017ed8                __ta_no_share_heap
 .bss           0x000000000001fed8        0x0 /home/a1009mys/Project/op-tee/op-tee-package/optee_os/out/arm/export-ta_arm64/lib/libutils.a(stack_check.o)
 .bss           0x000000000001fed8        0x0 /home/a1009mys/Project/op-tee/op-tee-package/optee_os/out/arm/export-ta_arm64/lib/libutils.a(trace.o)
 .bss           0x000000000001fed8        0x0 /home/a1009mys/Project/op-tee/op-tee-package/optee_os/out/arm/export-ta_arm64/lib/libutils.a(memcpy.o)
 .bss           0x000000000001fed8        0x0 /home/a1009mys/Project/op-tee/op-tee-package/optee_os/out/arm/export-ta_arm64/lib/libutils.a(snprintk.o)
 .bss           0x000000000001fed8        0x0 /home/a1009mys/Project/op-tee/op-tee-package/optee_os/out/arm/export-ta_arm64/lib/libutils.a(memchr.o)
 .bss           0x000000000001fed8        0x0 /home/a1009mys/Project/op-tee/op-tee-package/optee_os/out/arm/export-ta_arm64/lib/libutils.a(strlen.o)
 .bss           0x000000000001fed8        0x0 /home/a1009mys/Project/op-tee/op-tee-package/optee_os/out/arm/export-ta_arm64/lib/libutee.a(trace_ext.o)
 .bss           0x000000000001fed8        0x0 /home/a1009mys/Project/op-tee/op-tee-package/optee_os/out/arm/export-ta_arm64/lib/libutee.a(tee_api_objects.o)
 .bss           0x000000000001fed8        0x0 /home/a1009mys/Project/op-tee/op-tee-package/optee_os/out/arm/export-ta_arm64/lib/libutee.a(tee_api_panic.o)
 .bss           0x000000000001fed8        0x0 /home/a1009mys/Project/op-tee/op-tee-package/optee_os/out/arm/export-ta_arm64/lib/libutee.a(user_ta_entry_compat.o)
 .bss           0x000000000001fed8        0x0 /home/a1009mys/Project/op-tee/op-tee-package/optee_os/out/arm/export-ta_arm64/lib/libutee.a(utee_syscalls_a64.o)
 .bss           0x000000000001fed8        0x0 /home/a1009mys/Project/op-tee/op-tee-package/optee_os/out/arm/export-ta_arm64/lib/libutee.a(abort.o)
 .bss           0x000000000001fed8        0x0 /home/a1009mys/Project/op-tee/op-tee-package/optee_os/out/arm/export-ta_arm64/lib/libutee.a(tee_api_property.o)
 .bss           0x000000000001fed8        0x0 /home/a1009mys/Project/op-tee/op-tee-package/optee_os/out/arm/export-ta_arm64/lib/libutee.a(assert.o)
 .bss           0x000000000001fed8        0x0 /home/a1009mys/Project/op-tee/op-tee-package/optee_os/out/arm/export-ta_arm64/lib/libmbedtls.a(bignum_core.o)
 .bss           0x000000000001fed8        0x0 /home/a1009mys/Project/op-tee/op-tee-package/optee_os/out/arm/export-ta_arm64/lib/libmbedtls.a(platform_util.o)
 .bss           0x000000000001fed8        0x0 /home/a1009mys/Project/op-tee/op-tee-package/optee_os/out/arm/export-ta_arm64/lib/libutils.a(bget_malloc.o)
 .bss           0x000000000001fed8        0x0 /home/a1009mys/Project/op-tee/op-tee-package/optee_os/out/arm/export-ta_arm64/lib/libutils.a(snprintf.o)
 .bss           0x000000000001fed8        0x0 /home/a1009mys/Project/op-tee/op-tee-package/optee_os/out/arm/export-ta_arm64/lib/libutils.a(memmove.o)
 .bss           0x000000000001fed8        0x0 /home/a1009mys/Project/op-tee/op-tee-package/optee_os/out/arm/export-ta_arm64/lib/libutils.a(memset.o)
 .bss           0x000000000001fed8        0x0 /home/a1009mys/Project/op-tee/op-tee-package/optee_os/out/arm/export-ta_arm64/lib/libutils.a(strcmp.o)
 .bss           0x000000000001fed8        0x0 /home/a1009mys/Project/op-tee/op-tee-package/optee_os/out/arm/export-ta_arm64/lib/libutils.a(strlcpy.o)
 .bss           0x000000000001fed8        0x0 /home/a1009mys/Project/op-tee/op-tee-package/optee_os/out/arm/export-ta_arm64/lib/libutils.a(mempool.o)
 .bss           0x000000000001fed8        0x0 /home/a1009mys/Project/op-tee/op-tee-package/optee_os/out/arm/export-ta_arm64/lib/libutils.a(consttime_memcmp.o)
 .bss           0x000000000001fed8        0x0 /home/a1009mys/Project/op-tee/op-tee-package/optee_os/out/arm/export-ta_arm64/lib/libutils.a(base64.o)
                0x000000000001fed8                . = ALIGN (0x8)
                0x000000000001fed8                __ftrace_buf_start = .
                0x000000000001fed8                . = (. + DEFINED (_mcount)?0x800:0x0)
                0x000000000001fed8                __ftrace_buf_end = .

.dynbss         0x000000000001fed8        0x0
 .dynbss        0x000000000001fed8        0x0 ./secure_storage_ta.o

/DISCARD/
 *(SORT_BY_ALIGNMENT(.interp))
LOAD ./secure_storage_ta.o
LOAD ./user_ta_header.o
START GROUP
LOAD /home/a1009mys/Project/op-tee/op-tee-package/optee_os/out/arm/export-ta_arm64/lib/libutils.a
LOAD /home/a1009mys/Project/op-tee/op-tee-package/optee_os/out/arm/export-ta_arm64/lib/libutee.a
LOAD /home/a1009mys/Project/op-tee/op-tee-package/optee_os/out/arm/export-ta_arm64/lib/libmbedtls.a
LOAD /home/a1009mys/Project/op-tee/op-tee-package/optee_os/out/arm/export-ta_arm64/lib/libdl.a
END GROUP
LOAD /usr/lib/gcc-cross/aarch64-linux-gnu/11/libgcc.a
LOAD /home/a1009mys/Project/op-tee/op-tee-package/optee_os/out/arm/export-ta_arm64/lib/libutils.a
OUTPUT(d16e811e-9af8-46ad-94b8-5d4f10ae62eb.elf elf64-littleaarch64)
LOAD linker stubs

.debug_info     0x0000000000000000    0x20cac
 .debug_info    0x0000000000000000      0xc97 ./secure_storage_ta.o
 .debug_info    0x0000000000000c97      0x7c5 ./user_ta_header.o
 .debug_info    0x000000000000145c      0x144 /home/a1009mys/Project/op-tee/op-tee-package/optee_os/out/arm/export-ta_arm64/lib/libutils.a(stack_check.o)
 .debug_info    0x00000000000015a0      0x711 /home/a1009mys/Project/op-tee/op-tee-package/optee_os/out/arm/export-ta_arm64/lib/libutils.a(trace.o)
 .debug_info    0x0000000000001cb1      0x130 /home/a1009mys/Project/op-tee/op-tee-package/optee_os/out/arm/export-ta_arm64/lib/libutils.a(memcpy.o)
 .debug_info    0x0000000000001de1      0x961 /home/a1009mys/Project/op-tee/op-tee-package/optee_os/out/arm/export-ta_arm64/lib/libutils.a(snprintk.o)
 .debug_info    0x0000000000002742       0xff /home/a1009mys/Project/op-tee/op-tee-package/optee_os/out/arm/export-ta_arm64/lib/libutils.a(memchr.o)
 .debug_info    0x0000000000002841       0xbf /home/a1009mys/Project/op-tee/op-tee-package/optee_os/out/arm/export-ta_arm64/lib/libutils.a(strlen.o)
 .debug_info    0x0000000000002900      0x3d8 /home/a1009mys/Project/op-tee/op-tee-package/optee_os/out/arm/export-ta_arm64/lib/libutee.a(trace_ext.o)
 .debug_info    0x0000000000002cd8     0x27dd /home/a1009mys/Project/op-tee/op-tee-package/optee_os/out/arm/export-ta_arm64/lib/libutee.a(tee_api.o)
 .debug_info    0x00000000000054b5     0x2ed2 /home/a1009mys/Project/op-tee/op-tee-package/optee_os/out/arm/export-ta_arm64/lib/libutee.a(tee_api_objects.o)
 .debug_info    0x0000000000008387      0xa4c /home/a1009mys/Project/op-tee/op-tee-package/optee_os/out/arm/export-ta_arm64/lib/libutee.a(tee_api_panic.o)
 .debug_info    0x0000000000008dd3      0x7fa /home/a1009mys/Project/op-tee/op-tee-package/optee_os/out/arm/export-ta_arm64/lib/libutee.a(tee_system_pta.o)
 .debug_info    0x00000000000095cd     0x16ba /home/a1009mys/Project/op-tee/op-tee-package/optee_os/out/arm/export-ta_arm64/lib/libutee.a(user_ta_entry.o)
 .debug_info    0x000000000000ac87      0x4d2 /home/a1009mys/Project/op-tee/op-tee-package/optee_os/out/arm/export-ta_arm64/lib/libutee.a(user_ta_entry_compat.o)
 .debug_info    0x000000000000b159       0x23 /home/a1009mys/Project/op-tee/op-tee-package/optee_os/out/arm/export-ta_arm64/lib/libutee.a(utee_syscalls_a64.o)
 .debug_info    0x000000000000b17c       0xf1 /home/a1009mys/Project/op-tee/op-tee-package/optee_os/out/arm/export-ta_arm64/lib/libutee.a(abort.o)
 .debug_info    0x000000000000b26d     0x51ff /home/a1009mys/Project/op-tee/op-tee-package/optee_os/out/arm/export-ta_arm64/lib/libutee.a(tee_api_arith_mpi.o)
 .debug_info    0x000000000001046c     0x1946 /home/a1009mys/Project/op-tee/op-tee-package/optee_os/out/arm/export-ta_arm64/lib/libutee.a(tee_api_property.o)
 .debug_info    0x0000000000011db2      0x8af /home/a1009mys/Project/op-tee/op-tee-package/optee_os/out/arm/export-ta_arm64/lib/libutee.a(tcb.o)
 .debug_info    0x0000000000012661      0x1b5 /home/a1009mys/Project/op-tee/op-tee-package/optee_os/out/arm/export-ta_arm64/lib/libutee.a(assert.o)
 .debug_info    0x0000000000012816     0x5a4c /home/a1009mys/Project/op-tee/op-tee-package/optee_os/out/arm/export-ta_arm64/lib/libmbedtls.a(bignum.o)
 .debug_info    0x0000000000018262     0x30b0 /home/a1009mys/Project/op-tee/op-tee-package/optee_os/out/arm/export-ta_arm64/lib/libmbedtls.a(bignum_core.o)
 .debug_info    0x000000000001b312      0xf57 /home/a1009mys/Project/op-tee/op-tee-package/optee_os/out/arm/export-ta_arm64/lib/libmbedtls.a(constant_time.o)
 .debug_info    0x000000000001c269      0x259 /home/a1009mys/Project/op-tee/op-tee-package/optee_os/out/arm/export-ta_arm64/lib/libmbedtls.a(platform_util.o)
 .debug_info    0x000000000001c4c2     0x3607 /home/a1009mys/Project/op-tee/op-tee-package/optee_os/out/arm/export-ta_arm64/lib/libutils.a(bget_malloc.o)
 .debug_info    0x000000000001fac9      0x2a0 /home/a1009mys/Project/op-tee/op-tee-package/optee_os/out/arm/export-ta_arm64/lib/libutils.a(snprintf.o)
 .debug_info    0x000000000001fd69       0xfb /home/a1009mys/Project/op-tee/op-tee-package/optee_os/out/arm/export-ta_arm64/lib/libutils.a(memmove.o)
 .debug_info    0x000000000001fe64       0xd3 /home/a1009mys/Project/op-tee/op-tee-package/optee_os/out/arm/export-ta_arm64/lib/libutils.a(memset.o)
 .debug_info    0x000000000001ff37       0xb4 /home/a1009mys/Project/op-tee/op-tee-package/optee_os/out/arm/export-ta_arm64/lib/libutils.a(strcmp.o)
 .debug_info    0x000000000001ffeb      0x123 /home/a1009mys/Project/op-tee/op-tee-package/optee_os/out/arm/export-ta_arm64/lib/libutils.a(strlcpy.o)
 .debug_info    0x000000000002010e      0x733 /home/a1009mys/Project/op-tee/op-tee-package/optee_os/out/arm/export-ta_arm64/lib/libutils.a(mempool.o)
 .debug_info    0x0000000000020841      0x132 /home/a1009mys/Project/op-tee/op-tee-package/optee_os/out/arm/export-ta_arm64/lib/libutils.a(consttime_memcmp.o)
 .debug_info    0x0000000000020973      0x339 /home/a1009mys/Project/op-tee/op-tee-package/optee_os/out/arm/export-ta_arm64/lib/libutils.a(base64.o)

.debug_abbrev   0x0000000000000000     0x4efc
 .debug_abbrev  0x0000000000000000      0x2ad ./secure_storage_ta.o
 .debug_abbrev  0x00000000000002ad      0x280 ./user_ta_header.o
 .debug_abbrev  0x000000000000052d       0xb2 /home/a1009mys/Project/op-tee/op-tee-package/optee_os/out/arm/export-ta_arm64/lib/libutils.a(stack_check.o)
 .debug_abbrev  0x00000000000005df      0x2bf /home/a1009mys/Project/op-tee/op-tee-package/optee_os/out/arm/export-ta_arm64/lib/libutils.a(trace.o)
 .debug_abbrev  0x000000000000089e       0xbb /home/a1009mys/Project/op-tee/op-tee-package/optee_os/out/arm/export-ta_arm64/lib/libutils.a(memcpy.o)
 .debug_abbrev  0x0000000000000959      0x300 /home/a1009mys/Project/op-tee/op-tee-package/optee_os/out/arm/export-ta_arm64/lib/libutils.a(snprintk.o)
 .debug_abbrev  0x0000000000000c59       0xb4 /home/a1009mys/Project/op-tee/op-tee-package/optee_os/out/arm/export-ta_arm64/lib/libutils.a(memchr.o)
 .debug_abbrev  0x0000000000000d0d       0x85 /home/a1009mys/Project/op-tee/op-tee-package/optee_os/out/arm/export-ta_arm64/lib/libutils.a(strlen.o)
 .debug_abbrev  0x0000000000000d92      0x1c4 /home/a1009mys/Project/op-tee/op-tee-package/optee_os/out/arm/export-ta_arm64/lib/libutee.a(trace_ext.o)
 .debug_abbrev  0x0000000000000f56      0x58e /home/a1009mys/Project/op-tee/op-tee-package/optee_os/out/arm/export-ta_arm64/lib/libutee.a(tee_api.o)
 .debug_abbrev  0x00000000000014e4      0x399 /home/a1009mys/Project/op-tee/op-tee-package/optee_os/out/arm/export-ta_arm64/lib/libutee.a(tee_api_objects.o)
 .debug_abbrev  0x000000000000187d      0x21c /home/a1009mys/Project/op-tee/op-tee-package/optee_os/out/arm/export-ta_arm64/lib/libutee.a(tee_api_panic.o)
 .debug_abbrev  0x0000000000001a99      0x29f /home/a1009mys/Project/op-tee/op-tee-package/optee_os/out/arm/export-ta_arm64/lib/libutee.a(tee_system_pta.o)
 .debug_abbrev  0x0000000000001d38      0x5aa /home/a1009mys/Project/op-tee/op-tee-package/optee_os/out/arm/export-ta_arm64/lib/libutee.a(user_ta_entry.o)
 .debug_abbrev  0x00000000000022e2      0x1a4 /home/a1009mys/Project/op-tee/op-tee-package/optee_os/out/arm/export-ta_arm64/lib/libutee.a(user_ta_entry_compat.o)
 .debug_abbrev  0x0000000000002486       0x12 /home/a1009mys/Project/op-tee/op-tee-package/optee_os/out/arm/export-ta_arm64/lib/libutee.a(utee_syscalls_a64.o)
 .debug_abbrev  0x0000000000002498       0x94 /home/a1009mys/Project/op-tee/op-tee-package/optee_os/out/arm/export-ta_arm64/lib/libutee.a(abort.o)
 .debug_abbrev  0x000000000000252c      0x544 /home/a1009mys/Project/op-tee/op-tee-package/optee_os/out/arm/export-ta_arm64/lib/libutee.a(tee_api_arith_mpi.o)
 .debug_abbrev  0x0000000000002a70      0x343 /home/a1009mys/Project/op-tee/op-tee-package/optee_os/out/arm/export-ta_arm64/lib/libutee.a(tee_api_property.o)
 .debug_abbrev  0x0000000000002db3      0x2cf /home/a1009mys/Project/op-tee/op-tee-package/optee_os/out/arm/export-ta_arm64/lib/libutee.a(tcb.o)
 .debug_abbrev  0x0000000000003082       0xbd /home/a1009mys/Project/op-tee/op-tee-package/optee_os/out/arm/export-ta_arm64/lib/libutee.a(assert.o)
 .debug_abbrev  0x000000000000313f      0x5dc /home/a1009mys/Project/op-tee/op-tee-package/optee_os/out/arm/export-ta_arm64/lib/libmbedtls.a(bignum.o)
 .debug_abbrev  0x000000000000371b      0x5a3 /home/a1009mys/Project/op-tee/op-tee-package/optee_os/out/arm/export-ta_arm64/lib/libmbedtls.a(bignum_core.o)
 .debug_abbrev  0x0000000000003cbe      0x396 /home/a1009mys/Project/op-tee/op-tee-package/optee_os/out/arm/export-ta_arm64/lib/libmbedtls.a(constant_time.o)
 .debug_abbrev  0x0000000000004054      0x153 /home/a1009mys/Project/op-tee/op-tee-package/optee_os/out/arm/export-ta_arm64/lib/libmbedtls.a(platform_util.o)
 .debug_abbrev  0x00000000000041a7      0x494 /home/a1009mys/Project/op-tee/op-tee-package/optee_os/out/arm/export-ta_arm64/lib/libutils.a(bget_malloc.o)
 .debug_abbrev  0x000000000000463b      0x155 /home/a1009mys/Project/op-tee/op-tee-package/optee_os/out/arm/export-ta_arm64/lib/libutils.a(snprintf.o)
 .debug_abbrev  0x0000000000004790       0xa6 /home/a1009mys/Project/op-tee/op-tee-package/optee_os/out/arm/export-ta_arm64/lib/libutils.a(memmove.o)
 .debug_abbrev  0x0000000000004836       0xa3 /home/a1009mys/Project/op-tee/op-tee-package/optee_os/out/arm/export-ta_arm64/lib/libutils.a(memset.o)
 .debug_abbrev  0x00000000000048d9       0x6f /home/a1009mys/Project/op-tee/op-tee-package/optee_os/out/arm/export-ta_arm64/lib/libutils.a(strcmp.o)
 .debug_abbrev  0x0000000000004948       0xa5 /home/a1009mys/Project/op-tee/op-tee-package/optee_os/out/arm/export-ta_arm64/lib/libutils.a(strlcpy.o)
 .debug_abbrev  0x00000000000049ed      0x2a9 /home/a1009mys/Project/op-tee/op-tee-package/optee_os/out/arm/export-ta_arm64/lib/libutils.a(mempool.o)
 .debug_abbrev  0x0000000000004c96       0xc2 /home/a1009mys/Project/op-tee/op-tee-package/optee_os/out/arm/export-ta_arm64/lib/libutils.a(consttime_memcmp.o)
 .debug_abbrev  0x0000000000004d58      0x1a4 /home/a1009mys/Project/op-tee/op-tee-package/optee_os/out/arm/export-ta_arm64/lib/libutils.a(base64.o)

.debug_loclists
                0x0000000000000000    0x121e5
 .debug_loclists
                0x0000000000000000      0x4d6 ./secure_storage_ta.o
 .debug_loclists
                0x00000000000004d6      0x151 ./user_ta_header.o
 .debug_loclists
                0x0000000000000627      0x2a5 /home/a1009mys/Project/op-tee/op-tee-package/optee_os/out/arm/export-ta_arm64/lib/libutils.a(trace.o)
 .debug_loclists
                0x00000000000008cc      0x2e5 /home/a1009mys/Project/op-tee/op-tee-package/optee_os/out/arm/export-ta_arm64/lib/libutils.a(memcpy.o)
 .debug_loclists
                0x0000000000000bb1     0x16ab /home/a1009mys/Project/op-tee/op-tee-package/optee_os/out/arm/export-ta_arm64/lib/libutils.a(snprintk.o)
 .debug_loclists
                0x000000000000225c       0x65 /home/a1009mys/Project/op-tee/op-tee-package/optee_os/out/arm/export-ta_arm64/lib/libutils.a(memchr.o)
 .debug_loclists
                0x00000000000022c1       0x34 /home/a1009mys/Project/op-tee/op-tee-package/optee_os/out/arm/export-ta_arm64/lib/libutils.a(strlen.o)
 .debug_loclists
                0x00000000000022f5       0xae /home/a1009mys/Project/op-tee/op-tee-package/optee_os/out/arm/export-ta_arm64/lib/libutee.a(trace_ext.o)
 .debug_loclists
                0x00000000000023a3     0x115c /home/a1009mys/Project/op-tee/op-tee-package/optee_os/out/arm/export-ta_arm64/lib/libutee.a(tee_api.o)
 .debug_loclists
                0x00000000000034ff     0x184d /home/a1009mys/Project/op-tee/op-tee-package/optee_os/out/arm/export-ta_arm64/lib/libutee.a(tee_api_objects.o)
 .debug_loclists
                0x0000000000004d4c      0x533 /home/a1009mys/Project/op-tee/op-tee-package/optee_os/out/arm/export-ta_arm64/lib/libutee.a(tee_api_panic.o)
 .debug_loclists
                0x000000000000527f      0x32b /home/a1009mys/Project/op-tee/op-tee-package/optee_os/out/arm/export-ta_arm64/lib/libutee.a(tee_system_pta.o)
 .debug_loclists
                0x00000000000055aa      0x614 /home/a1009mys/Project/op-tee/op-tee-package/optee_os/out/arm/export-ta_arm64/lib/libutee.a(user_ta_entry.o)
 .debug_loclists
                0x0000000000005bbe      0x1cb /home/a1009mys/Project/op-tee/op-tee-package/optee_os/out/arm/export-ta_arm64/lib/libutee.a(user_ta_entry_compat.o)
 .debug_loclists
                0x0000000000005d89     0x1f1e /home/a1009mys/Project/op-tee/op-tee-package/optee_os/out/arm/export-ta_arm64/lib/libutee.a(tee_api_arith_mpi.o)
 .debug_loclists
                0x0000000000007ca7      0xc18 /home/a1009mys/Project/op-tee/op-tee-package/optee_os/out/arm/export-ta_arm64/lib/libutee.a(tee_api_property.o)
 .debug_loclists
                0x00000000000088bf      0x29d /home/a1009mys/Project/op-tee/op-tee-package/optee_os/out/arm/export-ta_arm64/lib/libutee.a(tcb.o)
 .debug_loclists
                0x0000000000008b5c       0x71 /home/a1009mys/Project/op-tee/op-tee-package/optee_os/out/arm/export-ta_arm64/lib/libutee.a(assert.o)
 .debug_loclists
                0x0000000000008bcd     0x371b /home/a1009mys/Project/op-tee/op-tee-package/optee_os/out/arm/export-ta_arm64/lib/libmbedtls.a(bignum.o)
 .debug_loclists
                0x000000000000c2e8     0x2697 /home/a1009mys/Project/op-tee/op-tee-package/optee_os/out/arm/export-ta_arm64/lib/libmbedtls.a(bignum_core.o)
 .debug_loclists
                0x000000000000e97f      0x808 /home/a1009mys/Project/op-tee/op-tee-package/optee_os/out/arm/export-ta_arm64/lib/libmbedtls.a(constant_time.o)
 .debug_loclists
                0x000000000000f187       0x9f /home/a1009mys/Project/op-tee/op-tee-package/optee_os/out/arm/export-ta_arm64/lib/libmbedtls.a(platform_util.o)
 .debug_loclists
                0x000000000000f226     0x25cc /home/a1009mys/Project/op-tee/op-tee-package/optee_os/out/arm/export-ta_arm64/lib/libutils.a(bget_malloc.o)
 .debug_loclists
                0x00000000000117f2       0xd0 /home/a1009mys/Project/op-tee/op-tee-package/optee_os/out/arm/export-ta_arm64/lib/libutils.a(snprintf.o)
 .debug_loclists
                0x00000000000118c2      0x179 /home/a1009mys/Project/op-tee/op-tee-package/optee_os/out/arm/export-ta_arm64/lib/libutils.a(memmove.o)
 .debug_loclists
                0x0000000000011a3b       0x67 /home/a1009mys/Project/op-tee/op-tee-package/optee_os/out/arm/export-ta_arm64/lib/libutils.a(memset.o)
 .debug_loclists
                0x0000000000011aa2       0x50 /home/a1009mys/Project/op-tee/op-tee-package/optee_os/out/arm/export-ta_arm64/lib/libutils.a(strcmp.o)
 .debug_loclists
                0x0000000000011af2       0x9e /home/a1009mys/Project/op-tee/op-tee-package/optee_os/out/arm/export-ta_arm64/lib/libutils.a(strlcpy.o)
 .debug_loclists
                0x0000000000011b90      0x2a7 /home/a1009mys/Project/op-tee/op-tee-package/optee_os/out/arm/export-ta_arm64/lib/libutils.a(mempool.o)
 .debug_loclists
                0x0000000000011e37       0xcb /home/a1009mys/Project/op-tee/op-tee-package/optee_os/out/arm/export-ta_arm64/lib/libutils.a(consttime_memcmp.o)
 .debug_loclists
                0x0000000000011f02      0x2e3 /home/a1009mys/Project/op-tee/op-tee-package/optee_os/out/arm/export-ta_arm64/lib/libutils.a(base64.o)

.debug_aranges  0x0000000000000000      0x9e0
 .debug_aranges
                0x0000000000000000       0x30 ./secure_storage_ta.o
 .debug_aranges
                0x0000000000000030       0x30 ./user_ta_header.o
 .debug_aranges
                0x0000000000000060       0x30 /home/a1009mys/Project/op-tee/op-tee-package/optee_os/out/arm/export-ta_arm64/lib/libutils.a(stack_check.o)
 .debug_aranges
                0x0000000000000090       0x30 /home/a1009mys/Project/op-tee/op-tee-package/optee_os/out/arm/export-ta_arm64/lib/libutils.a(trace.o)
 .debug_aranges
                0x00000000000000c0       0x30 /home/a1009mys/Project/op-tee/op-tee-package/optee_os/out/arm/export-ta_arm64/lib/libutils.a(memcpy.o)
 .debug_aranges
                0x00000000000000f0       0x30 /home/a1009mys/Project/op-tee/op-tee-package/optee_os/out/arm/export-ta_arm64/lib/libutils.a(snprintk.o)
 .debug_aranges
                0x0000000000000120       0x30 /home/a1009mys/Project/op-tee/op-tee-package/optee_os/out/arm/export-ta_arm64/lib/libutils.a(memchr.o)
 .debug_aranges
                0x0000000000000150       0x30 /home/a1009mys/Project/op-tee/op-tee-package/optee_os/out/arm/export-ta_arm64/lib/libutils.a(strlen.o)
 .debug_aranges
                0x0000000000000180       0x30 /home/a1009mys/Project/op-tee/op-tee-package/optee_os/out/arm/export-ta_arm64/lib/libutee.a(trace_ext.o)
 .debug_aranges
                0x00000000000001b0       0x30 /home/a1009mys/Project/op-tee/op-tee-package/optee_os/out/arm/export-ta_arm64/lib/libutee.a(tee_api.o)
 .debug_aranges
                0x00000000000001e0       0x30 /home/a1009mys/Project/op-tee/op-tee-package/optee_os/out/arm/export-ta_arm64/lib/libutee.a(tee_api_objects.o)
 .debug_aranges
                0x0000000000000210       0x30 /home/a1009mys/Project/op-tee/op-tee-package/optee_os/out/arm/export-ta_arm64/lib/libutee.a(tee_api_panic.o)
 .debug_aranges
                0x0000000000000240       0x30 /home/a1009mys/Project/op-tee/op-tee-package/optee_os/out/arm/export-ta_arm64/lib/libutee.a(tee_system_pta.o)
 .debug_aranges
                0x0000000000000270       0x30 /home/a1009mys/Project/op-tee/op-tee-package/optee_os/out/arm/export-ta_arm64/lib/libutee.a(user_ta_entry.o)
 .debug_aranges
                0x00000000000002a0       0x30 /home/a1009mys/Project/op-tee/op-tee-package/optee_os/out/arm/export-ta_arm64/lib/libutee.a(user_ta_entry_compat.o)
 .debug_aranges
                0x00000000000002d0      0x3b0 /home/a1009mys/Project/op-tee/op-tee-package/optee_os/out/arm/export-ta_arm64/lib/libutee.a(utee_syscalls_a64.o)
 .debug_aranges
                0x0000000000000680       0x30 /home/a1009mys/Project/op-tee/op-tee-package/optee_os/out/arm/export-ta_arm64/lib/libutee.a(abort.o)
 .debug_aranges
                0x00000000000006b0       0x30 /home/a1009mys/Project/op-tee/op-tee-package/optee_os/out/arm/export-ta_arm64/lib/libutee.a(tee_api_arith_mpi.o)
 .debug_aranges
                0x00000000000006e0       0x30 /home/a1009mys/Project/op-tee/op-tee-package/optee_os/out/arm/export-ta_arm64/lib/libutee.a(tee_api_property.o)
 .debug_aranges
                0x0000000000000710       0x30 /home/a1009mys/Project/op-tee/op-tee-package/optee_os/out/arm/export-ta_arm64/lib/libutee.a(tcb.o)
 .debug_aranges
                0x0000000000000740       0x30 /home/a1009mys/Project/op-tee/op-tee-package/optee_os/out/arm/export-ta_arm64/lib/libutee.a(assert.o)
 .debug_aranges
                0x0000000000000770       0x30 /home/a1009mys/Project/op-tee/op-tee-package/optee_os/out/arm/export-ta_arm64/lib/libmbedtls.a(bignum.o)
 .debug_aranges